Component: ARM Compiler 5.05 update 1 (build 106) Tool: armlink [4d0efa]

==============================================================================

Section Cross References

    startup_stm32f10x_hd.o(RESET) refers to startup_stm32f10x_hd.o(STACK) for __initial_sp
    startup_stm32f10x_hd.o(RESET) refers to startup_stm32f10x_hd.o(.text) for Reset_Handler
    startup_stm32f10x_hd.o(RESET) refers to stm32f10x_it.o(.text) for NMI_Handler
    startup_stm32f10x_hd.o(RESET) refers to usart1.o(.text) for USART1_IRQHandler
    startup_stm32f10x_hd.o(.text) refers to system_stm32f10x.o(.text) for SystemInit
    startup_stm32f10x_hd.o(.text) refers to entry.o(.ARM.Collect$$$$00000000) for __main
    system_stm32f10x.o(.text) refers to system_stm32f10x.o(.data) for SystemCoreClock
    stm32f10x_adc.o(.text) refers to stm32f10x_rcc.o(.text) for RCC_APB2PeriphResetCmd
    stm32f10x_bkp.o(.text) refers to stm32f10x_rcc.o(.text) for RCC_BackupResetCmd
    stm32f10x_can.o(.text) refers to stm32f10x_rcc.o(.text) for RCC_APB1PeriphResetCmd
    stm32f10x_cec.o(.text) refers to stm32f10x_rcc.o(.text) for RCC_APB1PeriphResetCmd
    stm32f10x_dac.o(.text) refers to stm32f10x_rcc.o(.text) for RCC_APB1PeriphResetCmd
    stm32f10x_gpio.o(.text) refers to stm32f10x_rcc.o(.text) for RCC_APB2PeriphResetCmd
    stm32f10x_i2c.o(.text) refers to stm32f10x_rcc.o(.text) for RCC_APB1PeriphResetCmd
    stm32f10x_pwr.o(.text) refers to stm32f10x_rcc.o(.text) for RCC_APB1PeriphResetCmd
    stm32f10x_rcc.o(.text) refers to stm32f10x_rcc.o(.data) for APBAHBPrescTable
    stm32f10x_spi.o(.text) refers to stm32f10x_rcc.o(.text) for RCC_APB2PeriphResetCmd
    stm32f10x_tim.o(.text) refers to stm32f10x_rcc.o(.text) for RCC_APB2PeriphResetCmd
    stm32f10x_usart.o(.text) refers to stm32f10x_rcc.o(.text) for RCC_APB2PeriphResetCmd
    stm32f10x_wwdg.o(.text) refers to stm32f10x_rcc.o(.text) for RCC_APB1PeriphResetCmd
    main.o(.text) refers to myiic.o(.text) for bsp_InitI2C
    main.o(.text) refers to max30102.o(.text) for maxim_max30102_reset
    main.o(.text) refers to algorithm.o(.text) for maxim_heart_rate_and_oxygen_saturation
    main.o(.text) refers to ffltui.o(.text) for __aeabi_ui2f
    main.o(.text) refers to fdiv.o(.text) for __aeabi_fdiv
    main.o(.text) refers to fmul.o(.text) for __aeabi_fmul
    main.o(.text) refers to fadd.o(.text) for __aeabi_fsub
    main.o(.text) refers to cfcmple.o(.text) for __aeabi_cfcmple
    main.o(.text) refers to ffixi.o(.text) for __aeabi_f2iz
    main.o(.text) refers to ds18b20.o(.text) for DS18B20_Get_Temp
    main.o(.text) refers to main.o(.data) for un_brightness
    main.o(.text) refers to main.o(.bss) for aun_red_buffer
    main.o(.text) refers to oled_i2c.o(.text) for OLED_ShowChar
    main.o(.text) refers to ds1302.o(.text) for DS1302_DateRead
    main.o(.text) refers to ds1302.o(.data) for SysDate
    main.o(.text) refers to stmflash.o(.text) for STMFLASH_Read
    main.o(.text) refers to strstr.o(.text) for strstr
    main.o(.text) refers to delay.o(.text) for DelayMs
    main.o(.text) refers to adxl345.o(.text) for adxl345_read_average
    main.o(.text) refers to cfrcmple.o(.text) for __aeabi_cfrcmple
    main.o(.text) refers to key.o(.text) for KEY_Scan
    main.o(.text) refers to fflti.o(.text) for __aeabi_i2f
    main.o(.text) refers to f2d.o(.text) for __aeabi_f2d
    main.o(.text) refers to printfa.o(i.__0printf) for __2printf
    main.o(.text) refers to iic.o(.text) for IIC_init
    main.o(.text) refers to usart1.o(.text) for uart1_Init
    oled_i2c.o(.text) refers to stm32f10x_rcc.o(.text) for RCC_APB1PeriphClockCmd
    oled_i2c.o(.text) refers to stm32f10x_gpio.o(.text) for GPIO_Init
    oled_i2c.o(.text) refers to stm32f10x_i2c.o(.text) for I2C_DeInit
    oled_i2c.o(.text) refers to delay.o(.text) for DelayMs
    oled_i2c.o(.text) refers to oled_i2c.o(.constdata) for F8X16
    oled_i2c.o(.text) refers to oled_i2c.o(.data) for F16x16
    delay.o(.text) refers to misc.o(.text) for SysTick_CLKSourceConfig
    delay.o(.text) refers to system_stm32f10x.o(.data) for SystemCoreClock
    delay.o(.text) refers to delay.o(.data) for fac_us
    key.o(.text) refers to stm32f10x_rcc.o(.text) for RCC_APB2PeriphClockCmd
    key.o(.text) refers to stm32f10x_gpio.o(.text) for GPIO_PinRemapConfig
    key.o(.text) refers to delay.o(.text) for DelayMs
    key.o(.text) refers to key.o(.data) for key_up
    ds1302.o(.text) refers to stm32f10x_gpio.o(.text) for GPIO_Init
    ds1302.o(.text) refers to stm32f10x_rcc.o(.text) for RCC_APB2PeriphClockCmd
    ds1302.o(.text) refers to delay.o(.text) for DelayUs
    ds18b20.o(.text) refers to delay.o(.text) for DelayUs
    ds18b20.o(.text) refers to stm32f10x_rcc.o(.text) for RCC_APB2PeriphClockCmd
    ds18b20.o(.text) refers to stm32f10x_gpio.o(.text) for GPIO_Init
    ds18b20.o(.text) refers to fflti.o(.text) for __aeabi_i2f
    ds18b20.o(.text) refers to f2d.o(.text) for __aeabi_f2d
    ds18b20.o(.text) refers to dmul.o(.text) for __aeabi_dmul
[...]
    printf4.o(i.__0printf$4) refers to usart1.o(.data) for __stdout
    printf4.o(i.__0snprintf$4) refers to printf4.o(i._printf_core) for _printf_core
    printf4.o(i.__0snprintf$4) refers to printf4.o(i._snputc) for _snputc
    printf4.o(i.__0sprintf$4) refers to printf4.o(i._printf_core) for _printf_core
    printf4.o(i.__0sprintf$4) refers to printf4.o(i._sputc) for _sputc
    printf4.o(i.__0vfprintf$4) refers to printf4.o(i._printf_core) for _printf_core
    printf4.o(i.__0vfprintf$4) refers to usart1.o(.text) for fputc
    printf4.o(i.__0vprintf$4) refers to printf4.o(i._printf_core) for _printf_core
    printf4.o(i.__0vprintf$4) refers to usart1.o(.text) for fputc
    printf4.o(i.__0vprintf$4) refers to usart1.o(.data) for __stdout
    printf4.o(i.__0vsnprintf$4) refers to printf4.o(i._printf_core) for _printf_core
    printf4.o(i.__0vsnprintf$4) refers to printf4.o(i._snputc) for _snputc
    printf4.o(i.__0vsprintf$4) refers to printf4.o(i._printf_core) for _printf_core
    printf4.o(i.__0vsprintf$4) refers to printf4.o(i._sputc) for _sputc
    printf4.o(i._printf_core) refers to uldiv.o(.text) for __aeabi_uldivmod
    printf5.o(i.__0fprintf$5) refers to printf5.o(i._printf_core) for _printf_core
    printf5.o(i.__0fprintf$5) refers to usart1.o(.text) for fputc
    printf5.o(i.__0printf$5) refers to printf5.o(i._printf_core) for _printf_core
    printf5.o(i.__0printf$5) refers to usart1.o(.text) for fputc
    printf5.o(i.__0printf$5) refers to usart1.o(.data) for __stdout
    printf5.o(i.__0snprintf$5) refers to printf5.o(i._printf_core) for _printf_core
    printf5.o(i.__0snprintf$5) refers to printf5.o(i._snputc) for _snputc
    printf5.o(i.__0sprintf$5) refers to printf5.o(i._printf_core) for _printf_core
    printf5.o(i.__0sprintf$5) refers to printf5.o(i._sputc) for _sputc
    printf5.o(i.__0vfprintf$5) refers to printf5.o(i._printf_core) for _printf_core
    printf5.o(i.__0vfprintf$5) refers to usart1.o(.text) for fputc
    printf5.o(i.__0vprintf$5) refers to printf5.o(i._printf_core) for _printf_core
    printf5.o(i.__0vprintf$5) refers to usart1.o(.text) for fputc
    printf5.o(i.__0vprintf$5) refers to usart1.o(.data) for __stdout
    printf5.o(i.__0vsnprintf$5) refers to printf5.o(i._printf_core) for _printf_core
    printf5.o(i.__0vsnprintf$5) refers to printf5.o(i._snputc) for _snputc
    printf5.o(i.__0vsprintf$5) refers to printf5.o(i._printf_core) for _printf_core
    printf5.o(i.__0vsprintf$5) refers to printf5.o(i._sputc) for _sputc
    printf5.o(i._printf_core) refers to uldiv.o(.text) for __aeabi_uldivmod
    printf6.o(i.__0fprintf$6) refers to printf6.o(i._printf_core) for _printf_core
    printf6.o(i.__0fprintf$6) refers to usart1.o(.text) for fputc
    printf6.o(i.__0printf$6) refers to printf6.o(i._printf_core) for _printf_core
    printf6.o(i.__0printf$6) refers to usart1.o(.text) for fputc
    printf6.o(i.__0printf$6) refers to usart1.o(.data) for __stdout
    printf6.o(i.__0snprintf$6) refers to printf6.o(i._printf_core) for _printf_core
    printf6.o(i.__0snprintf$6) refers to printf6.o(i._snputc) for _snputc
    printf6.o(i.__0sprintf$6) refers to printf6.o(i._printf_core) for _printf_core
    printf6.o(i.__0sprintf$6) refers to printf6.o(i._sputc) for _sputc
    printf6.o(i.__0vfprintf$6) refers to printf6.o(i._printf_core) for _printf_core
    printf6.o(i.__0vfprintf$6) refers to usart1.o(.text) for fputc
    printf6.o(i.__0vprintf$6) refers to printf6.o(i._printf_core) for _printf_core
    printf6.o(i.__0vprintf$6) refers to usart1.o(.text) for fputc
    printf6.o(i.__0vprintf$6) refers to usart1.o(.data) for __stdout
    printf6.o(i.__0vsnprintf$6) refers to printf6.o(i._printf_core) for _printf_core
    printf6.o(i.__0vsnprintf$6) refers to printf6.o(i._snputc) for _snputc
    printf6.o(i.__0vsprintf$6) refers to printf6.o(i._printf_core) for _printf_core
    printf6.o(i.__0vsprintf$6) refers to printf6.o(i._sputc) for _sputc
    printf6.o(i._printf_core) refers to printf6.o(i._printf_pre_padding) for _printf_pre_padding
    printf6.o(i._printf_core) refers to uidiv.o(.text) for __aeabi_uidivmod
    printf6.o(i._printf_core) refers to printf6.o(i._printf_post_padding) for _printf_post_padding
    printf7.o(i.__0fprintf$7) refers to printf7.o(i._printf_core) for _printf_core
    printf7.o(i.__0fprintf$7) refers to usart1.o(.text) for fputc
    printf7.o(i.__0printf$7) refers to printf7.o(i._printf_core) for _printf_core
    printf7.o(i.__0printf$7) refers to usart1.o(.text) for fputc
    printf7.o(i.__0printf$7) refers to usart1.o(.data) for __stdout
    printf7.o(i.__0snprintf$7) refers to printf7.o(i._printf_core) for _printf_core
    printf7.o(i.__0snprintf$7) refers to printf7.o(i._snputc) for _snputc
    printf7.o(i.__0sprintf$7) refers to printf7.o(i._printf_core) for _printf_core
    printf7.o(i.__0sprintf$7) refers to printf7.o(i._sputc) for _sputc
    printf7.o(i.__0vfprintf$7) refers to printf7.o(i._printf_core) for _printf_core
    printf7.o(i.__0vfprintf$7) refers to usart1.o(.text) for fputc
    printf7.o(i.__0vprintf$7) refers to printf7.o(i._printf_core) for _printf_core
    printf7.o(i.__0vprintf$7) refers to usart1.o(.text) for fputc
    printf7.o(i.__0vprintf$7) refers to usart1.o(.data) for __stdout
    printf7.o(i.__0vsnprintf$7) refers to printf7.o(i._printf_core) for _printf_core
    printf7.o(i.__0vsnprintf$7) refers to printf7.o(i._snputc) for _snputc
    printf7.o(i.__0vsprintf$7) refers to printf7.o(i._printf_core) for _printf_core
    printf7.o(i.__0vsprintf$7) refers to printf7.o(i._sputc) for _sputc
    printf7.o(i._printf_core) refers to printf7.o(i._printf_pre_padding) for _printf_pre_padding
    printf7.o(i._printf_core) refers to uldiv.o(.text) for __aeabi_uldivmod
    printf7.o(i._printf_core) refers to printf7.o(i._printf_post_padding) for _printf_post_padding
    printf8.o(i.__0fprintf$8) refers to printf8.o(i._printf_core) for _printf_core
    printf8.o(i.__0fprintf$8) refers to usart1.o(.text) for fputc
    printf8.o(i.__0printf$8) refers to printf8.o(i._printf_core) for _printf_core
    printf8.o(i.__0printf$8) refers to usart1.o(.text) for fputc
    printf8.o(i.__0printf$8) refers to usart1.o(.data) for __stdout
    printf8.o(i.__0snprintf$8) refers to printf8.o(i._printf_core) for _printf_core
    printf8.o(i.__0snprintf$8) refers to printf8.o(i._snputc) for _snputc
    printf8.o(i.__0sprintf$8) refers to printf8.o(i._printf_core) for _printf_core
    printf8.o(i.__0sprintf$8) refers to printf8.o(i._sputc) for _sputc
    printf8.o(i.__0vfprintf$8) refers to printf8.o(i._printf_core) for _printf_core
    printf8.o(i.__0vfprintf$8) refers to usart1.o(.text) for fputc
    printf8.o(i.__0vprintf$8) refers to printf8.o(i._printf_core) for _printf_core
    printf8.o(i.__0vprintf$8) refers to usart1.o(.text) for fputc
    printf8.o(i.__0vprintf$8) refers to usart1.o(.data) for __stdout
    printf8.o(i.__0vsnprintf$8) refers to printf8.o(i._printf_core) for _printf_core
    printf8.o(i.__0vsnprintf$8) refers to printf8.o(i._snputc) for _snputc
    printf8.o(i.__0vsprintf$8) refers to printf8.o(i._printf_core) for _printf_core
    printf8.o(i.__0vsprintf$8) refers to printf8.o(i._sputc) for _sputc
    printf8.o(i._printf_core) refers to printf8.o(i._printf_pre_padding) for _printf_pre_padding
    printf8.o(i._printf_core) refers to uldiv.o(.text) for __aeabi_uldivmod
    printf8.o(i._printf_core) refers to printf8.o(i._printf_post_padding) for _printf_post_padding
    printfa.o(i.__0fprintf) refers (Special) to iusefp.o(.text) for __I$use$fp
    printfa.o(i.__0fprintf) refers to printfa.o(i._printf_core) for _printf_core
    printfa.o(i.__0fprintf) refers to usart1.o(.text) for fputc
    printfa.o(i.__0printf) refers (Special) to iusefp.o(.text) for __I$use$fp
    printfa.o(i.__0printf) refers to printfa.o(i._printf_core) for _printf_core
    printfa.o(i.__0printf) refers to usart1.o(.text) for fputc
    printfa.o(i.__0printf) refers to usart1.o(.data) for __stdout
    printfa.o(i.__0snprintf) refers (Special) to iusefp.o(.text) for __I$use$fp
    printfa.o(i.__0snprintf) refers to printfa.o(i._printf_core) for _printf_core
    printfa.o(i.__0snprintf) refers to printfa.o(i._snputc) for _snputc
    printfa.o(i.__0sprintf) refers (Special) to iusefp.o(.text) for __I$use$fp
    printfa.o(i.__0sprintf) refers to printfa.o(i._printf_core) for _printf_core
    printfa.o(i.__0sprintf) refers to printfa.o(i._sputc) for _sputc
    printfa.o(i.__0vfprintf) refers (Special) to iusefp.o(.text) for __I$use$fp
    printfa.o(i.__0vfprintf) refers to printfa.o(i._printf_core) for _printf_core
    printfa.o(i.__0vfprintf) refers to usart1.o(.text) for fputc
    printfa.o(i.__0vprintf) refers (Special) to iusefp.o(.text) for __I$use$fp
    printfa.o(i.__0vprintf) refers to printfa.o(i._printf_core) for _printf_core
    printfa.o(i.__0vprintf) refers to usart1.o(.text) for fputc
    printfa.o(i.__0vprintf) refers to usart1.o(.data) for __stdout
    printfa.o(i.__0vsnprintf) refers (Special) to iusefp.o(.text) for __I$use$fp
    printfa.o(i.__0vsnprintf) refers to printfa.o(i._printf_core) for _printf_core
    printfa.o(i.__0vsnprintf) refers to printfa.o(i._snputc) for _snputc
    printfa.o(i.__0vsprintf) refers (Special) to iusefp.o(.text) for __I$use$fp
    printfa.o(i.__0vsprintf) refers to printfa.o(i._printf_core) for _printf_core
    printfa.o(i.__0vsprintf) refers to printfa.o(i._sputc) for _sputc
    printfa.o(i._fp_digits) refers (Special) to iusefp.o(.text) for __I$use$fp
    printfa.o(i._fp_digits) refers to dmul.o(.text) for __aeabi_dmul
    printfa.o(i._fp_digits) refers to ddiv.o(.text) for __aeabi_ddiv
    printfa.o(i._fp_digits) refers to cdrcmple.o(.text) for __aeabi_cdrcmple
    printfa.o(i._fp_digits) refers to dadd.o(.text) for __aeabi_dadd
    printfa.o(i._fp_digits) refers to dfixul.o(.text) for __aeabi_d2ulz
    printfa.o(i._fp_digits) refers to uldiv.o(.text) for __aeabi_uldivmod
    printfa.o(i._printf_core) refers (Special) to iusefp.o(.text) for __I$use$fp
    printfa.o(i._printf_core) refers to printfa.o(i._printf_pre_padding) for _printf_pre_padding
    printfa.o(i._printf_core) refers to uldiv.o(.text) for __aeabi_uldivmod
    printfa.o(i._printf_core) refers to printfa.o(i._printf_post_padding) for _printf_post_padding
    printfa.o(i._printf_core) refers to printfa.o(i._fp_digits) for _fp_digits
    printfa.o(i._printf_core) refers to uidiv.o(.text) for __aeabi_uidivmod
    printfa.o(i._printf_post_padding) refers (Special) to iusefp.o(.text) for __I$use$fp
    printfa.o(i._printf_pre_padding) refers (Special) to iusefp.o(.text) for __I$use$fp
    printfa.o(i._snputc) refers (Special) to iusefp.o(.text) for __I$use$fp
    printfa.o(i._sputc) refers (Special) to iusefp.o(.text) for __I$use$fp
    fadd.o(.text) refers (Special) to iusefp.o(.text) for __I$use$fp
    fadd.o(.text) refers to fepilogue.o(.text) for _float_epilogue
    fmul.o(.text) refers (Special) to iusefp.o(.text) for __I$use$fp
    fdiv.o(.text) refers (Special) to iusefp.o(.text) for __I$use$fp
    fdiv.o(.text) refers to fepilogue.o(.text) for _float_round
    dmul.o(.text) refers (Special) to iusefp.o(.text) for __I$use$fp
    dmul.o(.text) refers to depilogue.o(.text) for _double_epilogue
    fflti.o(.text) refers (Special) to iusefp.o(.text) for __I$use$fp
    fflti.o(.text) refers to fepilogue.o(.text) for _float_epilogue
    ffltui.o(.text) refers (Special) to iusefp.o(.text) for __I$use$fp
    ffltui.o(.text) refers to fepilogue.o(.text) for _float_epilogue
    ffixi.o(.text) refers (Special) to iusefp.o(.text) for __I$use$fp
    dfixi.o(.text) refers (Special) to iusefp.o(.text) for __I$use$fp
    dfixi.o(.text) refers to llushr.o(.text) for __aeabi_llsr
    f2d.o(.text) refers (Special) to iusefp.o(.text) for __I$use$fp
    cfcmple.o(.text) refers (Special) to iusefp.o(.text) for __I$use$fp
    cfrcmple.o(.text) refers (Special) to iusefp.o(.text) for __I$use$fp
    entry2.o(.ARM.Collect$$$$00000001) refers to entry2.o(.ARM.Collect$$$$00002712) for __lit__00000000
    entry2.o(.ARM.Collect$$$$00002712) refers to startup_stm32f10x_hd.o(STACK) for __initial_sp
    entry2.o(__vectab_stack_and_reset_area) refers to startup_stm32f10x_hd.o(STACK) for __initial_sp
    entry2.o(__vectab_stack_and_reset_area) refers to entry.o(.ARM.Collect$$$$00000000) for __main
    entry5.o(.ARM.Collect$$$$00000004) refers to init.o(.text) for __scatterload
    entry9a.o(.ARM.Collect$$$$0000000B) refers to main.o(.text) for main
    entry9b.o(.ARM.Collect$$$$0000000C) refers to main.o(.text) for main
    uldiv.o(.text) refers to llushr.o(.text) for __aeabi_llsr
    uldiv.o(.text) refers to llshl.o(.text) for __aeabi_llsl
    depilogue.o(.text) refers to llshl.o(.text) for __aeabi_llsl
    depilogue.o(.text) refers to llushr.o(.text) for __aeabi_llsr
    dadd.o(.text) refers to llshl.o(.text) for __aeabi_llsl
    dadd.o(.text) refers to llsshr.o(.text) for __aeabi_lasr
    dadd.o(.text) refers to depilogue.o(.text) for _double_epilogue
    ddiv.o(.text) refers to depilogue.o(.text) for _double_round
    dfixul.o(.text) refers to llushr.o(.text) for __aeabi_llsr
    dfixul.o(.text) refers to llshl.o(.text) for __aeabi_llsl
    init.o(.text) refers to entry5.o(.ARM.Collect$$$$00000004) for __main_after_scatterload


==============================================================================

Removing Unused input sections from the image.

    Removing startup_stm32f10x_hd.o(HEAP), (512 bytes).
    Removing core_cm3.o(.emb_text), (32 bytes).
    Removing stm32f10x_adc.o(.text), (1102 bytes).
    Removing stm32f10x_bkp.o(.text), (196 bytes).
    Removing stm32f10x_can.o(.text), (2544 bytes).
    Removing stm32f10x_cec.o(.text), (288 bytes).
    Removing stm32f10x_crc.o(.text), (72 bytes).
    Removing stm32f10x_dac.o(.text), (396 bytes).
    Removing stm32f10x_dbgmcu.o(.text), (48 bytes).
    Removing stm32f10x_dma.o(.text), (596 bytes).
    Removing stm32f10x_exti.o(.text), (284 bytes).
    Removing stm32f10x_fsmc.o(.text), (1548 bytes).
    Removing stm32f10x_iwdg.o(.text), (64 bytes).
    Removing stm32f10x_pwr.o(.text), (204 bytes).
    Removing stm32f10x_rtc.o(.text), (328 bytes).
    Removing stm32f10x_sdio.o(.text), (468 bytes).
    Removing stm32f10x_spi.o(.text), (780 bytes).
    Removing stm32f10x_tim.o(.text), (3610 bytes).
    Removing stm32f10x_wwdg.o(.text), (136 bytes).

19 unused section(s) (total 13208 bytes) removed from the image.

==============================================================================

Image Symbol Table

    Local Symbols

    Symbol Name                              Value     Ov Type        Size  Object(Section)

    ../clib/../cmprslib/zerorunl2.c          0x00000000   Number         0  __dczerorl2.o ABSOLUTE
    ../clib/microlib/division.c              0x00000000   Number         0  uidiv.o ABSOLUTE
    ../clib/microlib/division.c              0x00000000   Number         0  uldiv.o ABSOLUTE
    ../clib/microlib/init/entry.s            0x00000000   Number         0  entry10a.o ABSOLUTE
    ../clib/microlib/init/entry.s            0x00000000   Number         0  entry11b.o ABSOLUTE
    ../clib/microlib/init/entry.s            0x00000000   Number         0  entry11a.o ABSOLUTE
    ../clib/microlib/init/entry.s            0x00000000   Number         0  entry10b.o ABSOLUTE
    ../clib/microlib/init/entry.s            0x00000000   Number         0  entry7b.o ABSOLUTE
    ../clib/microlib/init/entry.s            0x00000000   Number         0  entry2.o ABSOLUTE
    ../clib/microlib/init/entry.s            0x00000000   Number         0  entry9b.o ABSOLUTE
    ../clib/microlib/init/entry.s            0x00000000   Number         0  entry9a.o ABSOLUTE
    ../clib/microlib/init/entry.s            0x00000000   Number         0  entry8b.o ABSOLUTE
    ../clib/microlib/init/entry.s            0x00000000   Number         0  entry5.o ABSOLUTE
    ../clib/microlib/init/entry.s            0x00000000   Number         0  entry8a.o ABSOLUTE
    ../clib/microlib/init/entry.s            0x00000000   Number         0  entry.o ABSOLUTE
    ../clib/microlib/init/entry.s            0x00000000   Number         0  entry7a.o ABSOLUTE
    ../clib/microlib/longlong.c              0x00000000   Number         0  llshl.o ABSOLUTE
    ../clib/microlib/longlong.c              0x00000000   Number         0  llushr.o ABSOLUTE
    ../clib/microlib/longlong.c              0x00000000   Number         0  llsshr.o ABSOLUTE
    ../clib/microlib/printf/printf.c         0x00000000   Number         0  printfb.o ABSOLUTE
    ../clib/microlib/printf/printf.c         0x00000000   Number         0  printf7.o ABSOLUTE
    ../clib/microlib/printf/printf.c         0x00000000   Number         0  printf8.o ABSOLUTE
    ../clib/microlib/printf/printf.c         0x00000000   Number         0  printfa.o ABSOLUTE
    ../clib/microlib/printf/printf.c         0x00000000   Number         0  printf3.o ABSOLUTE
    ../clib/microlib/printf/printf.c         0x00000000   Number         0  printf2.o ABSOLUTE
    ../clib/microlib/printf/printf.c         0x00000000   Number         0  printf0.o ABSOLUTE
    ../clib/microlib/printf/printf.c         0x00000000   Number         0  printf1.o ABSOLUTE
    ../clib/microlib/printf/printf.c         0x00000000   Number         0  printf5.o ABSOLUTE
    ../clib/microlib/printf/printf.c         0x00000000   Number         0  printf6.o ABSOLUTE
    ../clib/microlib/printf/printf.c         0x00000000   Number         0  printf4.o ABSOLUTE
    ../clib/microlib/printf/stubs.s          0x00000000   Number         0  stubs.o ABSOLUTE
    ../clib/microlib/string/strstr.c         0x00000000   Number         0  strstr.o ABSOLUTE
    ../clib/microlib/stubs.s                 0x00000000   Number         0  useno.o ABSOLUTE
    ../clib/microlib/stubs.s                 0x00000000   Number         0  iusefp.o ABSOLUTE
    ../fplib/microlib/f2d.c                  0x00000000   Number         0  f2d.o ABSOLUTE
    ../fplib/microlib/fpadd.c                0x00000000   Number         0  fadd.o ABSOLUTE
    ../fplib/microlib/fpadd.c                0x00000000   Number         0  dadd.o ABSOLUTE
    ../fplib/microlib/fpdiv.c                0x00000000   Number         0  ddiv.o ABSOLUTE
    ../fplib/microlib/fpdiv.c                0x00000000   Number         0  fdiv.o ABSOLUTE
    ../fplib/microlib/fpepilogue.c           0x00000000   Number         0  depilogue.o ABSOLUTE
    ../fplib/microlib/fpepilogue.c           0x00000000   Number         0  fepilogue.o ABSOLUTE
    ../fplib/microlib/fpfix.c                0x00000000   Number         0  dfixi.o ABSOLUTE
    ../fplib/microlib/fpfix.c                0x00000000   Number         0  ffixi.o ABSOLUTE
    ../fplib/microlib/fpfix.c                0x00000000   Number         0  dfixul.o ABSOLUTE
    ../fplib/microlib/fpflt.c                0x00000000   Number         0  ffltui.o ABSOLUTE
    ../fplib/microlib/fpflt.c                0x00000000   Number         0  fflti.o ABSOLUTE
    ../fplib/microlib/fpmul.c                0x00000000   Number         0  dmul.o ABSOLUTE
    ../fplib/microlib/fpmul.c                0x00000000   Number         0  fmul.o ABSOLUTE
    ..\..\Libraries\CMSIS\core_cm3.c         0x00000000   Number         0  core_cm3.o ABSOLUTE
    ..\..\Libraries\CMSIS\startup\startup_stm32f10x_hd.s 0x00000000   Number         0  startup_stm32f10x_hd.o ABSOLUTE
    ..\..\Libraries\CMSIS\system_stm32f10x.c 0x00000000   Number         0  system_stm32f10x.o ABSOLUTE
    ..\..\Libraries\src\misc.c               0x00000000   Number         0  misc.o ABSOLUTE
    ..\..\Libraries\src\stm32f10x_adc.c      0x00000000   Number         0  stm32f10x_adc.o ABSOLUTE
    ..\..\Libraries\src\stm32f10x_bkp.c      0x00000000   Number         0  stm32f10x_bkp.o ABSOLUTE
    ..\..\Libraries\src\stm32f10x_can.c      0x00000000   Number         0  stm32f10x_can.o ABSOLUTE
    ..\..\Libraries\src\stm32f10x_cec.c      0x00000000   Number         0  stm32f10x_cec.o ABSOLUTE
    ..\..\Libraries\src\stm32f10x_crc.c      0x00000000   Number         0  stm32f10x_crc.o ABSOLUTE
    ..\..\Libraries\src\stm32f10x_dac.c      0x00000000   Number         0  stm32f10x_dac.o ABSOLUTE
    ..\..\Libraries\src\stm32f10x_dbgmcu.c   0x00000000   Number         0  stm32f10x_dbgmcu.o ABSOLUTE
    ..\..\Libraries\src\stm32f10x_dma.c      0x00000000   Number         0  stm32f10x_dma.o ABSOLUTE
    ..\..\Libraries\src\stm32f10x_exti.c     0x00000000   Number         0  stm32f10x_exti.o ABSOLUTE
    ..\..\Libraries\src\stm32f10x_flash.c    0x00000000   Number         0  stm32f10x_flash.o ABSOLUTE
    ..\..\Libraries\src\stm32f10x_fsmc.c     0x00000000   Number         0  stm32f10x_fsmc.o ABSOLUTE
    ..\..\Libraries\src\stm32f10x_gpio.c     0x00000000   Number         0  stm32f10x_gpio.o ABSOLUTE
    ..\..\Libraries\src\stm32f10x_i2c.c      0x00000000   Number         0  stm32f10x_i2c.o ABSOLUTE
    ..\..\Libraries\src\stm32f10x_iwdg.c     0x00000000   Number         0  stm32f10x_iwdg.o ABSOLUTE
    ..\..\Libraries\src\stm32f10x_pwr.c      0x00000000   Number         0  stm32f10x_pwr.o ABSOLUTE
    ..\..\Libraries\src\stm32f10x_rcc.c      0x00000000   Number         0  stm32f10x_rcc.o ABSOLUTE
    ..\..\Libraries\src\stm32f10x_rtc.c      0x00000000   Number         0  stm32f10x_rtc.o ABSOLUTE
    ..\..\Libraries\src\stm32f10x_sdio.c     0x00000000   Number         0  stm32f10x_sdio.o ABSOLUTE
    ..\..\Libraries\src\stm32f10x_spi.c      0x00000000   Number         0  stm32f10x_spi.o ABSOLUTE
    ..\..\Libraries\src\stm32f10x_tim.c      0x00000000   Number         0  stm32f10x_tim.o ABSOLUTE
    ..\..\Libraries\src\stm32f10x_usart.c    0x00000000   Number         0  stm32f10x_usart.o ABSOLUTE
    ..\..\Libraries\src\stm32f10x_wwdg.c     0x00000000   Number         0  stm32f10x_wwdg.o ABSOLUTE
    ..\..\User\OLED_I2C.c                    0x00000000   Number         0  oled_i2c.o ABSOLUTE
    ..\..\User\adxl345.c                     0x00000000   Number         0  adxl345.o ABSOLUTE
    ..\..\User\algorithm.c                   0x00000000   Number         0  algorithm.o ABSOLUTE
    ..\..\User\delay.c                       0x00000000   Number         0  delay.o ABSOLUTE
    ..\..\User\ds1302.c                      0x00000000   Number         0  ds1302.o ABSOLUTE
    ..\..\User\ds18b20.c                     0x00000000   Number         0  ds18b20.o ABSOLUTE
    ..\..\User\iic.c                         0x00000000   Number         0  iic.o ABSOLUTE
    ..\..\User\key.c                         0x00000000   Number         0  key.o ABSOLUTE
    ..\..\User\main.c                        0x00000000   Number         0  main.o ABSOLUTE
    ..\..\User\max30102.c                    0x00000000   Number         0  max30102.o ABSOLUTE
    ..\..\User\myiic.c                       0x00000000   Number         0  myiic.o ABSOLUTE
    ..\..\User\stm32f10x_it.c                0x00000000   Number         0  stm32f10x_it.o ABSOLUTE
    ..\..\User\stmflash.c                    0x00000000   Number         0  stmflash.o ABSOLUTE
    ..\..\User\usart1.c                      0x00000000   Number         0  usart1.o ABSOLUTE
    ..\\..\\Libraries\\CMSIS\\core_cm3.c     0x00000000   Number         0  core_cm3.o ABSOLUTE
    cdrcmple.s                               0x00000000   Number         0  cdrcmple.o ABSOLUTE
    cfcmple.s                                0x00000000   Number         0  cfcmple.o ABSOLUTE
    cfrcmple.s                               0x00000000   Number         0  cfrcmple.o ABSOLUTE
    dc.s                                     0x00000000   Number         0  dc.o ABSOLUTE
    handlers.s                               0x00000000   Number         0  handlers.o ABSOLUTE
    init.s                                   0x00000000   Number         0  init.o ABSOLUTE
    RESET                                    0x08000000   Section      304  startup_stm32f10x_hd.o(RESET)
    .ARM.Collect$$$$00000000                 0x08000130   Section        0  entry.o(.ARM.Collect$$$$00000000)
    .ARM.Collect$$$$00000001                 0x08000130   Section        4  entry2.o(.ARM.Collect$$$$00000001)
    .ARM.Collect$$$$00000004                 0x08000134   Section        4  entry5.o(.ARM.Collect$$$$00000004)
    .ARM.Collect$$$$00000008                 0x08000138   Section        0  entry7b.o(.ARM.Collect$$$$00000008)
    .ARM.Collect$$$$0000000A                 0x08000138   Section        0  entry8b.o(.ARM.Collect$$$$0000000A)
    .ARM.Collect$$$$0000000B                 0x08000138   Section        8  entry9a.o(.ARM.Collect$$$$0000000B)
    .ARM.Collect$$$$0000000D                 0x08000140   Section        0  entry10a.o(.ARM.Collect$$$$0000000D)
    .ARM.Collect$$$$0000000F                 0x08000140   Section        0  entry11a.o(.ARM.Collect$$$$0000000F)
    .ARM.Collect$$$$00002712                 0x08000140   Section        4  entry2.o(.ARM.Collect$$$$00002712)
    __lit__00000000                          0x08000140   Data           4  entry2.o(.ARM.Collect$$$$00002712)
    .text                                    0x08000144   Section       36  startup_stm32f10x_hd.o(.text)
    .text                                    0x08000168   Section        0  system_stm32f10x.o(.text)
    SetSysClockTo72                          0x08000169   Thumb Code   214  system_stm32f10x.o(.text)
    SetSysClock                              0x0800023f   Thumb Code     8  system_stm32f10x.o(.text)
    .text                                    0x08000348   Section        0  misc.o(.text)
    .text                                    0x08000424   Section        0  stm32f10x_flash.o(.text)
    .text                                    0x080009e0   Section        0  stm32f10x_gpio.o(.text)
    .text                                    0x08000d3c   Section        0  stm32f10x_i2c.o(.text)
    .text                                    0x08001140   Section        0  stm32f10x_rcc.o(.text)
    .text                                    0x080014e4   Section        0  stm32f10x_usart.o(.text)
    .text                                    0x080018ec   Section        0  main.o(.text)
    .text                                    0x08002f9c   Section        0  stm32f10x_it.o(.text)
    .text                                    0x08002fb8   Section        0  oled_i2c.o(.text)
    .text                                    0x080034ec   Section        0  delay.o(.text)
    .text                                    0x080035d8   Section        0  key.o(.text)
    .text                                    0x080036d8   Section        0  ds1302.o(.text)
    .text                                    0x08003b3c   Section        0  ds18b20.o(.text)
    .text                                    0x08003da8   Section        0  iic.o(.text)
    .text                                    0x08003fc4   Section        0  adxl345.o(.text)
    .text                                    0x080041a8   Section        0  stmflash.o(.text)
    .text                                    0x080042ec   Section        0  usart1.o(.text)
    .text                                    0x08004454   Section        0  myiic.o(.text)
    i2c_Delay                                0x08004455   Thumb Code    14  myiic.o(.text)
    .text                                    0x0800466c   Section        0  max30102.o(.text)
    .text                                    0x080048a4   Section        0  algorithm.o(.text)
    .text                                    0x08004dd4   Section        0  strstr.o(.text)
    .text                                    0x08004df8   Section        0  fadd.o(.text)
    .text                                    0x08004ea8   Section        0  fmul.o(.text)
    .text                                    0x08004f0c   Section        0  fdiv.o(.text)
    .text                                    0x08004f88   Section        0  dmul.o(.text)
    .text                                    0x0800506c   Section        0  fflti.o(.text)
    .text                                    0x0800507e   Section        0  ffltui.o(.text)
    .text                                    0x08005088   Section        0  ffixi.o(.text)
    .text                                    0x080050ba   Section        0  dfixi.o(.text)
    .text                                    0x080050f8   Section        0  f2d.o(.text)
    .text                                    0x08005120   Section       20  cfcmple.o(.text)
    .text                                    0x08005134   Section       20  cfrcmple.o(.text)
    .text                                    0x08005148   Section        0  uidiv.o(.text)
    .text                                    0x08005174   Section        0  uldiv.o(.text)
    .text                                    0x080051d6   Section        0  llushr.o(.text)
    .text                                    0x080051f6   Section        0  iusefp.o(.text)
    .text                                    0x080051f6   Section        0  fepilogue.o(.text)
    .text                                    0x08005264   Section        0  depilogue.o(.text)
    .text                                    0x0800531e   Section        0  dadd.o(.text)
    .text                                    0x0800546c   Section        0  ddiv.o(.text)
    .text                                    0x0800554a   Section        0  dfixul.o(.text)
    .text                                    0x0800557c   Section       48  cdrcmple.o(.text)
    .text                                    0x080055ac   Section       36  init.o(.text)
    .text                                    0x080055d0   Section        0  llshl.o(.text)
    .text                                    0x080055ee   Section        0  llsshr.o(.text)
    .text                                    0x08005612   Section        0  __dczerorl2.o(.text)
    i.__0printf                              0x08005668   Section        0  printfa.o(i.__0printf)
    i.__scatterload_copy                     0x08005688   Section       14  handlers.o(i.__scatterload_copy)
    i.__scatterload_null                     0x08005696   Section        2  handlers.o(i.__scatterload_null)
    i.__scatterload_zeroinit                 0x08005698   Section       14  handlers.o(i.__scatterload_zeroinit)
    i._fp_digits                             0x080056a8   Section        0  printfa.o(i._fp_digits)
    _fp_digits                               0x080056a9   Thumb Code   334  printfa.o(i._fp_digits)
    i._printf_core                           0x0800580c   Section        0  printfa.o(i._printf_core)
    _printf_core                             0x0800580d   Thumb Code  1744  printfa.o(i._printf_core)
    i._printf_post_padding                   0x08005ee8   Section        0  printfa.o(i._printf_post_padding)
    _printf_post_padding                     0x08005ee9   Thumb Code    36  printfa.o(i._printf_post_padding)
    i._printf_pre_padding                    0x08005f0c   Section        0  printfa.o(i._printf_pre_padding)
    _printf_pre_padding                      0x08005f0d   Thumb Code    46  printfa.o(i._printf_pre_padding)
    .constdata                               0x08005f3a   Section     2072  oled_i2c.o(.constdata)
    .constdata                               0x08006752   Section      184  algorithm.o(.constdata)
    .data                                    0x20000000   Section       20  system_stm32f10x.o(.data)
    .data                                    0x20000014   Section       20  stm32f10x_rcc.o(.data)
    APBAHBPrescTable                         0x20000014   Data          16  stm32f10x_rcc.o(.data)
    ADCPrescTable                            0x20000024   Data           4  stm32f10x_rcc.o(.data)
    .data                                    0x20000028   Section      118  main.o(.data)
    COUNT                                    0x20000098   Data           1  main.o(.data)
    temp                                     0x2000009a   Data           2  main.o(.data)
    flag1                                    0x2000009c   Data           1  main.o(.data)
    flag2                                    0x2000009d   Data           1  main.o(.data)
    .data                                    0x2000009e   Section      704  oled_i2c.o(.data)
    .data                                    0x2000035e   Section        4  delay.o(.data)
    fac_us                                   0x2000035e   Data           1  delay.o(.data)
    fac_ms                                   0x20000360   Data           2  delay.o(.data)
    .data                                    0x20000362   Section        1  key.o(.data)
    key_up                                   0x20000362   Data           1  key.o(.data)
    .data                                    0x20000364   Section        8  ds1302.o(.data)
    .data                                    0x2000036c   Section        8  usart1.o(.data)
    .bss                                     0x20000374   Section     2544  main.o(.bss)
    an_x                                     0x20000374   Data         600  main.o(.bss)
    an_y                                     0x200005cc   Data         600  main.o(.bss)
    .bss                                     0x20000d64   Section     1024  stmflash.o(.bss)
    .bss                                     0x20001164   Section       48  usart1.o(.bss)
    .bss                                     0x20001194   Section     1200  algorithm.o(.bss)
    an_x                                     0x20001194   Data         600  algorithm.o(.bss)
    an_y                                     0x200013ec   Data         600  algorithm.o(.bss)
    STACK                                    0x20001648   Section     1024  startup_stm32f10x_hd.o(STACK)

    Global Symbols

    Symbol Name                              Value     Ov Type        Size  Object(Section)

    BuildAttributes$$THM_ISAv4$P$D$K$B$S$PE$A:L22UL41UL21$X:L11$S22US41US21$IEEE1$IW$USESV6$~STKCKD$USESV7$~SHL$OTIME$ROPI$EBA8$MICROLIB$REQ8$PRES8$EABIv2 0x00000000   Number         0  anon$$obj.o ABSOLUTE
    __ARM_use_no_argv                        0x00000000   Number         0  main.o ABSOLUTE
    __use_no_errno                           0x00000000   Number         0  useno.o ABSOLUTE
    __use_no_exception_handling              0x00000000   Number         0  useno.o ABSOLUTE
    __use_no_fp                              0x00000000   Number         0  useno.o ABSOLUTE
    __use_no_heap                            0x00000000   Number         0  useno.o ABSOLUTE
    __use_no_heap_region                     0x00000000   Number         0  useno.o ABSOLUTE
    __use_no_semihosting                     0x00000000   Number         0  useno.o ABSOLUTE
    __use_no_semihosting_swi                 0x00000000   Number         0  useno.o ABSOLUTE
    __use_no_signal_handling                 0x00000000   Number         0  useno.o ABSOLUTE
    _printf_a                                0x00000000   Number         0  stubs.o ABSOLUTE
    _printf_c                                0x00000000   Number         0  stubs.o ABSOLUTE
    _printf_charcount                        0x00000000   Number         0  stubs.o ABSOLUTE
    _printf_d                                0x00000000   Number         0  stubs.o ABSOLUTE
    _printf_e                                0x00000000   Number         0  stubs.o ABSOLUTE
    _printf_f                                0x00000000   Number         0  stubs.o ABSOLUTE
    _printf_flags                            0x00000000   Number         0  stubs.o ABSOLUTE
    _printf_fp_dec                           0x00000000   Number         0  stubs.o ABSOLUTE
    _printf_fp_hex                           0x00000000   Number         0  stubs.o ABSOLUTE
    _printf_g                                0x00000000   Number         0  stubs.o ABSOLUTE
    _printf_i                                0x00000000   Number         0  stubs.o ABSOLUTE
    _printf_int_dec                          0x00000000   Number         0  stubs.o ABSOLUTE
    _printf_l                                0x00000000   Number         0  stubs.o ABSOLUTE
    _printf_lc                               0x00000000   Number         0  stubs.o ABSOLUTE
    _printf_ll                               0x00000000   Number         0  stubs.o ABSOLUTE
    _printf_lld                              0x00000000   Number         0  stubs.o ABSOLUTE
    _printf_lli                              0x00000000   Number         0  stubs.o ABSOLUTE
    _printf_llo                              0x00000000   Number         0  stubs.o ABSOLUTE
    _printf_llu                              0x00000000   Number         0  stubs.o ABSOLUTE
    _printf_llx                              0x00000000   Number         0  stubs.o ABSOLUTE
    _printf_longlong_dec                     0x00000000   Number         0  stubs.o ABSOLUTE
    _printf_longlong_hex                     0x00000000   Number         0  stubs.o ABSOLUTE
    _printf_longlong_oct                     0x00000000   Number         0  stubs.o ABSOLUTE
    _printf_ls                               0x00000000   Number         0  stubs.o ABSOLUTE
    _printf_mbtowc                           0x00000000   Number         0  stubs.o ABSOLUTE
    _printf_n                                0x00000000   Number         0  stubs.o ABSOLUTE
    _printf_o                                0x00000000   Number         0  stubs.o ABSOLUTE
    _printf_p                                0x00000000   Number         0  stubs.o ABSOLUTE
    _printf_percent                          0x00000000   Number         0  stubs.o ABSOLUTE
    _printf_pre_padding                      0x00000000   Number         0  stubs.o ABSOLUTE
    _printf_return_value                     0x00000000   Number         0  stubs.o ABSOLUTE
    _printf_s                                0x00000000   Number         0  stubs.o ABSOLUTE
    _printf_sizespec                         0x00000000   Number         0  stubs.o ABSOLUTE
    _printf_str                              0x00000000   Number         0  stubs.o ABSOLUTE
    _printf_truncate_signed                  0x00000000   Number         0  stubs.o ABSOLUTE
    _printf_truncate_unsigned                0x00000000   Number         0  stubs.o ABSOLUTE
    _printf_u                                0x00000000   Number         0  stubs.o ABSOLUTE
    _printf_wc                               0x00000000   Number         0  stubs.o ABSOLUTE
    _printf_wctomb                           0x00000000   Number         0  stubs.o ABSOLUTE
    _printf_widthprec                        0x00000000   Number         0  stubs.o ABSOLUTE
    _printf_x                                0x00000000   Number         0  stubs.o ABSOLUTE
    __cpp_initialize__aeabi_                  - Undefined Weak Reference
    __cxa_finalize                            - Undefined Weak Reference
    _clock_init                               - Undefined Weak Reference
    _microlib_exit                            - Undefined Weak Reference
    __Vectors_Size                           0x00000130   Number         0  startup_stm32f10x_hd.o ABSOLUTE
    __Vectors                                0x08000000   Data           4  startup_stm32f10x_hd.o(RESET)
    __Vectors_End                            0x08000130   Data           0  startup_stm32f10x_hd.o(RESET)
    __main                                   0x08000131   Thumb Code     0  entry.o(.ARM.Collect$$$$00000000)
    _main_stk                                0x08000131   Thumb Code     0  entry2.o(.ARM.Collect$$$$00000001)
    _main_scatterload                        0x08000135   Thumb Code     0  entry5.o(.ARM.Collect$$$$00000004)
    __main_after_scatterload                 0x08000139   Thumb Code     0  entry5.o(.ARM.Collect$$$$00000004)
    _main_clock                              0x08000139   Thumb Code     0  entry7b.o(.ARM.Collect$$$$00000008)
    _main_cpp_init                           0x08000139   Thumb Code     0  entry8b.o(.ARM.Collect$$$$0000000A)
    _main_init                               0x08000139   Thumb Code     0  entry9a.o(.ARM.Collect$$$$0000000B)
    __rt_final_cpp                           0x08000141   Thumb Code     0  entry10a.o(.ARM.Collect$$$$0000000D)
    __rt_final_exit                          0x08000141   Thumb Code     0  entry11a.o(.ARM.Collect$$$$0000000F)
    Reset_Handler                            0x08000145   Thumb Code     8  startup_stm32f10x_hd.o(.text)
    ADC1_2_IRQHandler                        0x0800015f   Thumb Code     0  startup_stm32f10x_hd.o(.text)
    ADC3_IRQHandler                          0x0800015f   Thumb Code     0  startup_stm32f10x_hd.o(.text)
    CAN1_RX1_IRQHandler                      0x0800015f   Thumb Code     0  startup_stm32f10x_hd.o(.text)
    CAN1_SCE_IRQHandler                      0x0800015f   Thumb Code     0  startup_stm32f10x_hd.o(.text)
    DMA1_Channel1_IRQHandler                 0x0800015f   Thumb Code     0  startup_stm32f10x_hd.o(.text)
    DMA1_Channel2_IRQHandler                 0x0800015f   Thumb Code     0  startup_stm32f10x_hd.o(.text)
    DMA1_Channel3_IRQHandler                 0x0800015f   Thumb Code     0  startup_stm32f10x_hd.o(.text)
    DMA1_Channel4_IRQHandler                 0x0800015f   Thumb Code     0  startup_stm32f10x_hd.o(.text)
    DMA1_Channel5_IRQHandler                 0x0800015f   Thumb Code     0  startup_stm32f10x_hd.o(.text)
    DMA1_Channel6_IRQHandler                 0x0800015f   Thumb Code     0  startup_stm32f10x_hd.o(.text)
    DMA1_Channel7_IRQHandler                 0x0800015f   Thumb Code     0  startup_stm32f10x_hd.o(.text)
    DMA2_Channel1_IRQHandler                 0x0800015f   Thumb Code     0  startup_stm32f10x_hd.o(.text)
    DMA2_Channel2_IRQHandler                 0x0800015f   Thumb Code     0  startup_stm32f10x_hd.o(.text)
    DMA2_Channel3_IRQHandler                 0x0800015f   Thumb Code     0  startup_stm32f10x_hd.o(.text)
    DMA2_Channel4_5_IRQHandler               0x0800015f   Thumb Code     0  startup_stm32f10x_hd.o(.text)
    EXTI0_IRQHandler                         0x0800015f   Thumb Code     0  startup_stm32f10x_hd.o(.text)
    EXTI15_10_IRQHandler                     0x0800015f   Thumb Code     0  startup_stm32f10x_hd.o(.text)
    EXTI1_IRQHandler                         0x0800015f   Thumb Code     0  startup_stm32f10x_hd.o(.text)
    EXTI2_IRQHandler                         0x0800015f   Thumb Code     0  startup_stm32f10x_hd.o(.text)
    EXTI3_IRQHandler                         0x0800015f   Thumb Code     0  startup_stm32f10x_hd.o(.text)
    EXTI4_IRQHandler                         0x0800015f   Thumb Code     0  startup_stm32f10x_hd.o(.text)
    EXTI9_5_IRQHandler                       0x0800015f   Thumb Code     0  startup_stm32f10x_hd.o(.text)
    FLASH_IRQHandler                         0x0800015f   Thumb Code     0  startup_stm32f10x_hd.o(.text)
    FSMC_IRQHandler                          0x0800015f   Thumb Code     0  startup_stm32f10x_hd.o(.text)
    I2C1_ER_IRQHandler                       0x0800015f   Thumb Code     0  startup_stm32f10x_hd.o(.text)
    I2C1_EV_IRQHandler                       0x0800015f   Thumb Code     0  startup_stm32f10x_hd.o(.text)
    I2C2_ER_IRQHandler                       0x0800015f   Thumb Code     0  startup_stm32f10x_hd.o(.text)
    I2C2_EV_IRQHandler                       0x0800015f   Thumb Code     0  startup_stm32f10x_hd.o(.text)
    PVD_IRQHandler                           0x0800015f   Thumb Code     0  startup_stm32f10x_hd.o(.text)
    RCC_IRQHandler                           0x0800015f   Thumb Code     0  startup_stm32f10x_hd.o(.text)
    RTCAlarm_IRQHandler                      0x0800015f   Thumb Code     0  startup_stm32f10x_hd.o(.text)
    RTC_IRQHandler                           0x0800015f   Thumb Code     0  startup_stm32f10x_hd.o(.text)
    SDIO_IRQHandler                          0x0800015f   Thumb Code     0  startup_stm32f10x_hd.o(.text)
    SPI1_IRQHandler                          0x0800015f   Thumb Code     0  startup_stm32f10x_hd.o(.text)
    SPI2_IRQHandler                          0x0800015f   Thumb Code     0  startup_stm32f10x_hd.o(.text)
    SPI3_IRQHandler                          0x0800015f   Thumb Code     0  startup_stm32f10x_hd.o(.text)
    TAMPER_IRQHandler                        0x0800015f   Thumb Code     0  startup_stm32f10x_hd.o(.text)
    TIM1_BRK_IRQHandler                      0x0800015f   Thumb Code     0  startup_stm32f10x_hd.o(.text)
    TIM1_CC_IRQHandler                       0x0800015f   Thumb Code     0  startup_stm32f10x_hd.o(.text)
    TIM1_TRG_COM_IRQHandler                  0x0800015f   Thumb Code     0  startup_stm32f10x_hd.o(.text)
    TIM1_UP_IRQHandler                       0x0800015f   Thumb Code     0  startup_stm32f10x_hd.o(.text)
    TIM2_IRQHandler                          0x0800015f   Thumb Code     0  startup_stm32f10x_hd.o(.text)
    TIM3_IRQHandler                          0x0800015f   Thumb Code     0  startup_stm32f10x_hd.o(.text)
    TIM4_IRQHandler                          0x0800015f   Thumb Code     0  startup_stm32f10x_hd.o(.text)
    TIM5_IRQHandler                          0x0800015f   Thumb Code     0  startup_stm32f10x_hd.o(.text)
    TIM6_IRQHandler                          0x0800015f   Thumb Code     0  startup_stm32f10x_hd.o(.text)
    TIM7_IRQHandler                          0x0800015f   Thumb Code     0  startup_stm32f10x_hd.o(.text)
    TIM8_BRK_IRQHandler                      0x0800015f   Thumb Code     0  startup_stm32f10x_hd.o(.text)
    TIM8_CC_IRQHandler                       0x0800015f   Thumb Code     0  startup_stm32f10x_hd.o(.text)
    TIM8_TRG_COM_IRQHandler                  0x0800015f   Thumb Code     0  startup_stm32f10x_hd.o(.text)
    TIM8_UP_IRQHandler                       0x0800015f   Thumb Code     0  startup_stm32f10x_hd.o(.text)
    UART4_IRQHandler                         0x0800015f   Thumb Code     0  startup_stm32f10x_hd.o(.text)
    UART5_IRQHandler                         0x0800015f   Thumb Code     0  startup_stm32f10x_hd.o(.text)
    USART2_IRQHandler                        0x0800015f   Thumb Code     0  startup_stm32f10x_hd.o(.text)
    USART3_IRQHandler                        0x0800015f   Thumb Code     0  startup_stm32f10x_hd.o(.text)
    USBWakeUp_IRQHandler                     0x0800015f   Thumb Code     0  startup_stm32f10x_hd.o(.text)
    USB_HP_CAN1_TX_IRQHandler                0x0800015f   Thumb Code     0  startup_stm32f10x_hd.o(.text)
    USB_LP_CAN1_RX0_IRQHandler               0x0800015f   Thumb Code     0  startup_stm32f10x_hd.o(.text)
    WWDG_IRQHandler                          0x0800015f   Thumb Code     0  startup_stm32f10x_hd.o(.text)
    SystemInit                               0x08000247   Thumb Code    78  system_stm32f10x.o(.text)
    SystemCoreClockUpdate                    0x08000295   Thumb Code   142  system_stm32f10x.o(.text)
    NVIC_PriorityGroupConfig                 0x08000349   Thumb Code    10  misc.o(.text)
    NVIC_Init                                0x08000353   Thumb Code   100  misc.o(.text)
    NVIC_SetVectorTable                      0x080003b7   Thumb Code    14  misc.o(.text)
    NVIC_SystemLPConfig                      0x080003c5   Thumb Code    34  misc.o(.text)
    SysTick_CLKSourceConfig                  0x080003e7   Thumb Code    40  misc.o(.text)
    FLASH_SetLatency                         0x08000425   Thumb Code    18  stm32f10x_flash.o(.text)
    FLASH_HalfCycleAccessCmd                 0x08000437   Thumb Code    22  stm32f10x_flash.o(.text)
    FLASH_PrefetchBufferCmd                  0x0800044d   Thumb Code    22  stm32f10x_flash.o(.text)
    FLASH_Unlock                             0x08000463   Thumb Code    12  stm32f10x_flash.o(.text)
    FLASH_UnlockBank1                        0x0800046f   Thumb Code    12  stm32f10x_flash.o(.text)
    FLASH_Lock                               0x0800047b   Thumb Code    14  stm32f10x_flash.o(.text)
    FLASH_LockBank1                          0x08000489   Thumb Code    14  stm32f10x_flash.o(.text)
    FLASH_GetBank1Status                     0x08000497   Thumb Code    48  stm32f10x_flash.o(.text)
    FLASH_WaitForLastOperation               0x080004c7   Thumb Code    38  stm32f10x_flash.o(.text)
    FLASH_ErasePage                          0x080004ed   Thumb Code    72  stm32f10x_flash.o(.text)
    FLASH_EraseAllPages                      0x08000535   Thumb Code    68  stm32f10x_flash.o(.text)
    FLASH_WaitForLastBank1Operation          0x08000579   Thumb Code    38  stm32f10x_flash.o(.text)
    FLASH_EraseAllBank1Pages                 0x0800059f   Thumb Code    68  stm32f10x_flash.o(.text)
    FLASH_GetReadOutProtectionStatus         0x080005e3   Thumb Code    20  stm32f10x_flash.o(.text)
    FLASH_EraseOptionBytes                   0x080005f7   Thumb Code   150  stm32f10x_flash.o(.text)
    FLASH_ProgramWord                        0x0800068d   Thumb Code   102  stm32f10x_flash.o(.text)
    FLASH_ProgramHalfWord                    0x080006f3   Thumb Code    60  stm32f10x_flash.o(.text)
    FLASH_ProgramOptionByteData              0x0800072f   Thumb Code    72  stm32f10x_flash.o(.text)
    FLASH_EnableWriteProtection              0x08000777   Thumb Code   200  stm32f10x_flash.o(.text)
    FLASH_ReadOutProtection                  0x0800083f   Thumb Code   156  stm32f10x_flash.o(.text)
    FLASH_UserOptionByteConfig               0x080008db   Thumb Code    88  stm32f10x_flash.o(.text)
    FLASH_GetUserOptionByte                  0x08000933   Thumb Code     8  stm32f10x_flash.o(.text)
    FLASH_GetWriteProtectionOptionByte       0x0800093b   Thumb Code     6  stm32f10x_flash.o(.text)
    FLASH_GetPrefetchBufferStatus            0x08000941   Thumb Code    20  stm32f10x_flash.o(.text)
    FLASH_ITConfig                           0x08000955   Thumb Code    26  stm32f10x_flash.o(.text)
    FLASH_GetFlagStatus                      0x0800096f   Thumb Code    42  stm32f10x_flash.o(.text)
    FLASH_ClearFlag                          0x08000999   Thumb Code     6  stm32f10x_flash.o(.text)
    FLASH_GetStatus                          0x0800099f   Thumb Code    48  stm32f10x_flash.o(.text)
    GPIO_DeInit                              0x080009e1   Thumb Code   172  stm32f10x_gpio.o(.text)
    GPIO_AFIODeInit                          0x08000a8d   Thumb Code    20  stm32f10x_gpio.o(.text)
    GPIO_Init                                0x08000aa1   Thumb Code   278  stm32f10x_gpio.o(.text)
    GPIO_StructInit                          0x08000bb7   Thumb Code    16  stm32f10x_gpio.o(.text)
    GPIO_ReadInputDataBit                    0x08000bc7   Thumb Code    18  stm32f10x_gpio.o(.text)
    GPIO_ReadInputData                       0x08000bd9   Thumb Code     8  stm32f10x_gpio.o(.text)
    GPIO_ReadOutputDataBit                   0x08000be1   Thumb Code    18  stm32f10x_gpio.o(.text)
    GPIO_ReadOutputData                      0x08000bf3   Thumb Code     8  stm32f10x_gpio.o(.text)
    GPIO_SetBits                             0x08000bfb   Thumb Code     4  stm32f10x_gpio.o(.text)
    GPIO_ResetBits                           0x08000bff   Thumb Code     4  stm32f10x_gpio.o(.text)
    GPIO_WriteBit                            0x08000c03   Thumb Code    10  stm32f10x_gpio.o(.text)
    GPIO_Write                               0x08000c0d   Thumb Code     4  stm32f10x_gpio.o(.text)
    GPIO_PinLockConfig                       0x08000c11   Thumb Code    18  stm32f10x_gpio.o(.text)
    GPIO_EventOutputConfig                   0x08000c23   Thumb Code    26  stm32f10x_gpio.o(.text)
    GPIO_EventOutputCmd                      0x08000c3d   Thumb Code     6  stm32f10x_gpio.o(.text)
    GPIO_PinRemapConfig                      0x08000c43   Thumb Code   138  stm32f10x_gpio.o(.text)
    GPIO_EXTILineConfig                      0x08000ccd   Thumb Code    66  stm32f10x_gpio.o(.text)
    GPIO_ETH_MediaInterfaceConfig            0x08000d0f   Thumb Code     8  stm32f10x_gpio.o(.text)
    I2C_DeInit                               0x08000d3d   Thumb Code    50  stm32f10x_i2c.o(.text)
    I2C_Init                                 0x08000d6f   Thumb Code   222  stm32f10x_i2c.o(.text)
    I2C_StructInit                           0x08000e4d   Thumb Code    30  stm32f10x_i2c.o(.text)
    I2C_Cmd                                  0x08000e6b   Thumb Code    24  stm32f10x_i2c.o(.text)
    I2C_DMACmd                               0x08000e83   Thumb Code    24  stm32f10x_i2c.o(.text)
    I2C_DMALastTransferCmd                   0x08000e9b   Thumb Code    24  stm32f10x_i2c.o(.text)
    I2C_GenerateSTART                        0x08000eb3   Thumb Code    24  stm32f10x_i2c.o(.text)
    I2C_GenerateSTOP                         0x08000ecb   Thumb Code    24  stm32f10x_i2c.o(.text)
    I2C_AcknowledgeConfig                    0x08000ee3   Thumb Code    24  stm32f10x_i2c.o(.text)
    I2C_OwnAddress2Config                    0x08000efb   Thumb Code    22  stm32f10x_i2c.o(.text)
    I2C_DualAddressCmd                       0x08000f11   Thumb Code    24  stm32f10x_i2c.o(.text)
    I2C_GeneralCallCmd                       0x08000f29   Thumb Code    24  stm32f10x_i2c.o(.text)
    I2C_ITConfig                             0x08000f41   Thumb Code    18  stm32f10x_i2c.o(.text)
    I2C_SendData                             0x08000f53   Thumb Code     4  stm32f10x_i2c.o(.text)
    I2C_ReceiveData                          0x08000f57   Thumb Code     8  stm32f10x_i2c.o(.text)
    I2C_Send7bitAddress                      0x08000f5f   Thumb Code    18  stm32f10x_i2c.o(.text)
    I2C_ReadRegister                         0x08000f71   Thumb Code    22  stm32f10x_i2c.o(.text)
    I2C_SoftwareResetCmd                     0x08000f87   Thumb Code    22  stm32f10x_i2c.o(.text)
    I2C_NACKPositionConfig                   0x08000f9d   Thumb Code    28  stm32f10x_i2c.o(.text)
    I2C_SMBusAlertConfig                     0x08000fb9   Thumb Code    28  stm32f10x_i2c.o(.text)
    I2C_TransmitPEC                          0x08000fd5   Thumb Code    24  stm32f10x_i2c.o(.text)
    I2C_PECPositionConfig                    0x08000fed   Thumb Code    28  stm32f10x_i2c.o(.text)
    I2C_CalculatePEC                         0x08001009   Thumb Code    24  stm32f10x_i2c.o(.text)
    I2C_GetPEC                               0x08001021   Thumb Code     8  stm32f10x_i2c.o(.text)
    I2C_ARPCmd                               0x08001029   Thumb Code    24  stm32f10x_i2c.o(.text)
    I2C_StretchClockCmd                      0x08001041   Thumb Code    24  stm32f10x_i2c.o(.text)
    I2C_FastModeDutyCycleConfig              0x08001059   Thumb Code    28  stm32f10x_i2c.o(.text)
    I2C_CheckEvent                           0x08001075   Thumb Code    42  stm32f10x_i2c.o(.text)
    I2C_GetLastEvent                         0x0800109f   Thumb Code    26  stm32f10x_i2c.o(.text)
    I2C_GetFlagStatus                        0x080010b9   Thumb Code    58  stm32f10x_i2c.o(.text)
    I2C_ClearFlag                            0x080010f3   Thumb Code    12  stm32f10x_i2c.o(.text)
    I2C_GetITStatus                          0x080010ff   Thumb Code    54  stm32f10x_i2c.o(.text)
    I2C_ClearITPendingBit                    0x08001135   Thumb Code    12  stm32f10x_i2c.o(.text)
    RCC_DeInit                               0x08001141   Thumb Code    64  stm32f10x_rcc.o(.text)
    RCC_HSEConfig                            0x08001181   Thumb Code    70  stm32f10x_rcc.o(.text)
    RCC_GetFlagStatus                        0x080011c7   Thumb Code    56  stm32f10x_rcc.o(.text)
    RCC_WaitForHSEStartUp                    0x080011ff   Thumb Code    56  stm32f10x_rcc.o(.text)
    RCC_AdjustHSICalibrationValue            0x08001237   Thumb Code    20  stm32f10x_rcc.o(.text)
    RCC_HSICmd                               0x0800124b   Thumb Code     6  stm32f10x_rcc.o(.text)
    RCC_PLLConfig                            0x08001251   Thumb Code    24  stm32f10x_rcc.o(.text)
    RCC_PLLCmd                               0x08001269   Thumb Code     6  stm32f10x_rcc.o(.text)
    RCC_SYSCLKConfig                         0x0800126f   Thumb Code    18  stm32f10x_rcc.o(.text)
    RCC_GetSYSCLKSource                      0x08001281   Thumb Code    10  stm32f10x_rcc.o(.text)
    RCC_HCLKConfig                           0x0800128b   Thumb Code    18  stm32f10x_rcc.o(.text)
    RCC_PCLK1Config                          0x0800129d   Thumb Code    18  stm32f10x_rcc.o(.text)
    RCC_PCLK2Config                          0x080012af   Thumb Code    20  stm32f10x_rcc.o(.text)
    RCC_ITConfig                             0x080012c3   Thumb Code    26  stm32f10x_rcc.o(.text)
    RCC_USBCLKConfig                         0x080012dd   Thumb Code     8  stm32f10x_rcc.o(.text)
    RCC_ADCCLKConfig                         0x080012e5   Thumb Code    18  stm32f10x_rcc.o(.text)
    RCC_LSEConfig                            0x080012f7   Thumb Code    50  stm32f10x_rcc.o(.text)
    RCC_LSICmd                               0x08001329   Thumb Code     6  stm32f10x_rcc.o(.text)
    RCC_RTCCLKConfig                         0x0800132f   Thumb Code    12  stm32f10x_rcc.o(.text)
    RCC_RTCCLKCmd                            0x0800133b   Thumb Code     8  stm32f10x_rcc.o(.text)
    RCC_GetClocksFreq                        0x08001343   Thumb Code   192  stm32f10x_rcc.o(.text)
    RCC_AHBPeriphClockCmd                    0x08001403   Thumb Code    26  stm32f10x_rcc.o(.text)
    RCC_APB2PeriphClockCmd                   0x0800141d   Thumb Code    26  stm32f10x_rcc.o(.text)
    RCC_APB1PeriphClockCmd                   0x08001437   Thumb Code    26  stm32f10x_rcc.o(.text)
    RCC_APB2PeriphResetCmd                   0x08001451   Thumb Code    26  stm32f10x_rcc.o(.text)
    RCC_APB1PeriphResetCmd                   0x0800146b   Thumb Code    26  stm32f10x_rcc.o(.text)
    RCC_BackupResetCmd                       0x08001485   Thumb Code     8  stm32f10x_rcc.o(.text)
    RCC_ClockSecuritySystemCmd               0x0800148d   Thumb Code     6  stm32f10x_rcc.o(.text)
    RCC_MCOConfig                            0x08001493   Thumb Code     6  stm32f10x_rcc.o(.text)
    RCC_ClearFlag                            0x08001499   Thumb Code    14  stm32f10x_rcc.o(.text)
    RCC_GetITStatus                          0x080014a7   Thumb Code    20  stm32f10x_rcc.o(.text)
    RCC_ClearITPendingBit                    0x080014bb   Thumb Code     6  stm32f10x_rcc.o(.text)
    USART_DeInit                             0x080014e5   Thumb Code   134  stm32f10x_usart.o(.text)
    USART_Init                               0x0800156b   Thumb Code   210  stm32f10x_usart.o(.text)
    USART_StructInit                         0x0800163d   Thumb Code    24  stm32f10x_usart.o(.text)
    USART_ClockInit                          0x08001655   Thumb Code    34  stm32f10x_usart.o(.text)
    USART_ClockStructInit                    0x08001677   Thumb Code    12  stm32f10x_usart.o(.text)
    USART_Cmd                                0x08001683   Thumb Code    24  stm32f10x_usart.o(.text)
    USART_ITConfig                           0x0800169b   Thumb Code    74  stm32f10x_usart.o(.text)
    USART_DMACmd                             0x080016e5   Thumb Code    18  stm32f10x_usart.o(.text)
    USART_SetAddress                         0x080016f7   Thumb Code    18  stm32f10x_usart.o(.text)
    USART_WakeUpConfig                       0x08001709   Thumb Code    18  stm32f10x_usart.o(.text)
    USART_ReceiverWakeUpCmd                  0x0800171b   Thumb Code    24  stm32f10x_usart.o(.text)
    USART_LINBreakDetectLengthConfig         0x08001733   Thumb Code    18  stm32f10x_usart.o(.text)
    USART_LINCmd                             0x08001745   Thumb Code    24  stm32f10x_usart.o(.text)
    USART_SendData                           0x0800175d   Thumb Code     8  stm32f10x_usart.o(.text)
    USART_ReceiveData                        0x08001765   Thumb Code    10  stm32f10x_usart.o(.text)
    USART_SendBreak                          0x0800176f   Thumb Code    10  stm32f10x_usart.o(.text)
    USART_SetGuardTime                       0x08001779   Thumb Code    16  stm32f10x_usart.o(.text)
    USART_SetPrescaler                       0x08001789   Thumb Code    16  stm32f10x_usart.o(.text)
    USART_SmartCardCmd                       0x08001799   Thumb Code    24  stm32f10x_usart.o(.text)
    USART_SmartCardNACKCmd                   0x080017b1   Thumb Code    24  stm32f10x_usart.o(.text)
    USART_HalfDuplexCmd                      0x080017c9   Thumb Code    24  stm32f10x_usart.o(.text)
    USART_OverSampling8Cmd                   0x080017e1   Thumb Code    22  stm32f10x_usart.o(.text)
    USART_OneBitMethodCmd                    0x080017f7   Thumb Code    24  stm32f10x_usart.o(.text)
    USART_IrDAConfig                         0x0800180f   Thumb Code    18  stm32f10x_usart.o(.text)
    USART_IrDACmd                            0x08001821   Thumb Code    24  stm32f10x_usart.o(.text)
    USART_GetFlagStatus                      0x08001839   Thumb Code    26  stm32f10x_usart.o(.text)
    USART_ClearFlag                          0x08001853   Thumb Code    18  stm32f10x_usart.o(.text)
    USART_GetITStatus                        0x08001865   Thumb Code    84  stm32f10x_usart.o(.text)
    USART_ClearITPendingBit                  0x080018b9   Thumb Code    52  stm32f10x_usart.o(.text)
    Init_MAX30102                            0x080018ed   Thumb Code   162  main.o(.text)
    GetHeartRateSpO2                         0x0800198f   Thumb Code  1568  main.o(.text)
    DisplayTime                              0x08001faf   Thumb Code  1036  main.o(.text)
    DisplayTemperature                       0x080023bb   Thumb Code   184  main.o(.text)
    CHECK_NEW_MCU                            0x08002473   Thumb Code    96  main.o(.text)
    GetSteps                                 0x080024d3   Thumb Code  1234  main.o(.text)
    KeySettings                              0x080029a5   Thumb Code  1032  main.o(.text)
    UsartSendData                            0x08002dad   Thumb Code   148  main.o(.text)
    main                                     0x08002e41   Thumb Code   254  main.o(.text)
    NMI_Handler                              0x08002f9d   Thumb Code     2  stm32f10x_it.o(.text)
    HardFault_Handler                        0x08002f9f   Thumb Code     4  stm32f10x_it.o(.text)
    MemManage_Handler                        0x08002fa3   Thumb Code     4  stm32f10x_it.o(.text)
    BusFault_Handler                         0x08002fa7   Thumb Code     4  stm32f10x_it.o(.text)
    UsageFault_Handler                       0x08002fab   Thumb Code     4  stm32f10x_it.o(.text)
    SVC_Handler                              0x08002faf   Thumb Code     2  stm32f10x_it.o(.text)
    DebugMon_Handler                         0x08002fb1   Thumb Code     2  stm32f10x_it.o(.text)
    PendSV_Handler                           0x08002fb3   Thumb Code     2  stm32f10x_it.o(.text)
    SysTick_Handler                          0x08002fb5   Thumb Code     2  stm32f10x_it.o(.text)
    I2C_Configuration                        0x08002fb9   Thumb Code   110  oled_i2c.o(.text)
    I2C_WriteByte                            0x08003027   Thumb Code   126  oled_i2c.o(.text)
    WriteCmd                                 0x080030a5   Thumb Code    14  oled_i2c.o(.text)
    WriteDat                                 0x080030b3   Thumb Code    14  oled_i2c.o(.text)
    OLED_Init                                0x080030c1   Thumb Code   178  oled_i2c.o(.text)
    OLED_SetPos                              0x08003173   Thumb Code    40  oled_i2c.o(.text)
    OLED_Fill                                0x0800319b   Thumb Code    58  oled_i2c.o(.text)
    OLED_CLS                                 0x080031d5   Thumb Code    10  oled_i2c.o(.text)
    OLED_ON                                  0x080031df   Thumb Code    22  oled_i2c.o(.text)
    OLED_OFF                                 0x080031f5   Thumb Code    22  oled_i2c.o(.text)
    OLED_ShowChar                            0x0800320b   Thumb Code   240  oled_i2c.o(.text)
    OLED_ShowStr                             0x080032fb   Thumb Code   258  oled_i2c.o(.text)
    OLED_ShowCN                              0x080033fd   Thumb Code   120  oled_i2c.o(.text)
    OLED_DrawBMP                             0x08003475   Thumb Code   116  oled_i2c.o(.text)
    DelayInit                                0x080034ed   Thumb Code    50  delay.o(.text)
    DelayUs                                  0x0800351f   Thumb Code    72  delay.o(.text)
    DelayMs                                  0x08003567   Thumb Code    72  delay.o(.text)
    DelayS                                   0x080035af   Thumb Code    26  delay.o(.text)
    KEY_Init                                 0x080035d9   Thumb Code    42  key.o(.text)
    KEY_Scan                                 0x08003603   Thumb Code   202  key.o(.text)
    DAT_MODE_OUT                             0x080036d9   Thumb Code    32  ds1302.o(.text)
    DAT_MODE_IN                              0x080036f9   Thumb Code    26  ds1302.o(.text)
    DS1302_GPIO_Init                         0x08003713   Thumb Code    50  ds1302.o(.text)
    DS1302_WriteOneByte                      0x08003745   Thumb Code    86  ds1302.o(.text)
    DS1302_WriteByte                         0x0800379b   Thumb Code    82  ds1302.o(.text)
    DS1302_ReadByte                          0x080037ed   Thumb Code   148  ds1302.o(.text)
    DS1302_DateSet                           0x08003881   Thumb Code   262  ds1302.o(.text)
    DS1302_DateRead                          0x08003987   Thumb Code   338  ds1302.o(.text)
    DS1302_Init                              0x08003ad9   Thumb Code    98  ds1302.o(.text)
    DS18B20_Rst                              0x08003b3d   Thumb Code    54  ds18b20.o(.text)
    DS18B20_Check                            0x08003b73   Thumb Code    96  ds18b20.o(.text)
    DS18B20_Read_Bit                         0x08003bd3   Thumb Code    96  ds18b20.o(.text)
    DS18B20_Read_Byte                        0x08003c33   Thumb Code    34  ds18b20.o(.text)
    DS18B20_Write_Byte                       0x08003c55   Thumb Code   102  ds18b20.o(.text)
    DS18B20_Start                            0x08003cbb   Thumb Code    24  ds18b20.o(.text)
    DS18B20_Init                             0x08003cd3   Thumb Code    62  ds18b20.o(.text)
    DS18B20_Get_Temp                         0x08003d11   Thumb Code   136  ds18b20.o(.text)
    I2C_SDA_OUT                              0x08003da9   Thumb Code    30  iic.o(.text)
    I2C_SDA_IN                               0x08003dc7   Thumb Code    30  iic.o(.text)
    IIC_init                                 0x08003de5   Thumb Code    46  iic.o(.text)
    IIC_start                                0x08003e13   Thumb Code    46  iic.o(.text)
    IIC_stop                                 0x08003e41   Thumb Code    48  iic.o(.text)
    IIC_ack                                  0x08003e71   Thumb Code    52  iic.o(.text)
    IIC_noack                                0x08003ea5   Thumb Code    52  iic.o(.text)
    IIC_wait_ack                             0x08003ed9   Thumb Code    68  iic.o(.text)
    IIC_send_byte                            0x08003f1d   Thumb Code    70  iic.o(.text)
    IIC_read_byte                            0x08003f63   Thumb Code    84  iic.o(.text)
    adxl345_write_reg                        0x08003fc5   Thumb Code    46  adxl345.o(.text)
    adxl345_init                             0x08003ff3   Thumb Code    60  adxl345.o(.text)
    adxl345_read_reg                         0x0800402f   Thumb Code    66  adxl345.o(.text)
    adxl345_read_data                        0x08004071   Thumb Code   142  adxl345.o(.text)
    adxl345_read_average                     0x080040ff   Thumb Code   168  adxl345.o(.text)
    STMFLASH_ReadHalfWord                    0x080041a9   Thumb Code     6  stmflash.o(.text)
    STMFLASH_Write_NoCheck                   0x080041af   Thumb Code    38  stmflash.o(.text)
    STMFLASH_Read                            0x080041d5   Thumb Code    34  stmflash.o(.text)
    STMFLASH_Write                           0x080041f7   Thumb Code   222  stmflash.o(.text)
    Test_Write                               0x080042d5   Thumb Code    16  stmflash.o(.text)
    _sys_exit                                0x080042ed   Thumb Code     6  usart1.o(.text)
    fputc                                    0x080042f3   Thumb Code    24  usart1.o(.text)
    uart1_Init                               0x0800430b   Thumb Code   178  usart1.o(.text)
    USART1_IRQHandler                        0x080043bd   Thumb Code    64  usart1.o(.text)
    uart1_SendStr                            0x080043fd   Thumb Code    34  usart1.o(.text)
    uart1_send                               0x0800441f   Thumb Code    38  usart1.o(.text)
    i2c_Stop                                 0x08004463   Thumb Code    36  myiic.o(.text)
    bsp_InitI2C                              0x08004487   Thumb Code    64  myiic.o(.text)
    i2c_Start                                0x080044c7   Thumb Code    46  myiic.o(.text)
    i2c_SendByte                             0x080044f5   Thumb Code    88  myiic.o(.text)
    i2c_ReadByte                             0x0800454d   Thumb Code    66  myiic.o(.text)
    i2c_WaitAck                              0x0800458f   Thumb Code    64  myiic.o(.text)
    i2c_Ack                                  0x080045cf   Thumb Code    52  myiic.o(.text)
    i2c_NAck                                 0x08004603   Thumb Code    44  myiic.o(.text)
    i2c_CheckDevice                          0x0800462f   Thumb Code    56  myiic.o(.text)
    maxim_max30102_write_reg                 0x0800466d   Thumb Code    68  max30102.o(.text)
    maxim_max30102_read_reg                  0x080046b1   Thumb Code    82  max30102.o(.text)
    maxim_max30102_init                      0x08004703   Thumb Code   160  max30102.o(.text)
    maxim_max30102_read_fifo                 0x080047a3   Thumb Code   218  max30102.o(.text)
    maxim_max30102_reset                     0x0800487d   Thumb Code    20  max30102.o(.text)
    maxim_sort_ascend                        0x080048a5   Thumb Code    54  algorithm.o(.text)
    maxim_sort_indices_descend               0x080048db   Thumb Code    64  algorithm.o(.text)
    maxim_remove_close_peaks                 0x0800491b   Thumb Code   114  algorithm.o(.text)
    maxim_peaks_above_min_height             0x0800498d   Thumb Code   170  algorithm.o(.text)
    maxim_find_peaks                         0x08004a37   Thumb Code    66  algorithm.o(.text)
    maxim_heart_rate_and_oxygen_saturation   0x08004a79   Thumb Code   842  algorithm.o(.text)
    strstr                                   0x08004dd5   Thumb Code    36  strstr.o(.text)
    __aeabi_fadd                             0x08004df9   Thumb Code   164  fadd.o(.text)
    __aeabi_fsub                             0x08004e9d   Thumb Code     6  fadd.o(.text)
    __aeabi_frsub                            0x08004ea3   Thumb Code     6  fadd.o(.text)
    __aeabi_fmul                             0x08004ea9   Thumb Code   100  fmul.o(.text)
    __aeabi_fdiv                             0x08004f0d   Thumb Code   124  fdiv.o(.text)
    __aeabi_dmul                             0x08004f89   Thumb Code   228  dmul.o(.text)
    __aeabi_i2f                              0x0800506d   Thumb Code    18  fflti.o(.text)
    __aeabi_ui2f                             0x0800507f   Thumb Code    10  ffltui.o(.text)
    __aeabi_f2iz                             0x08005089   Thumb Code    50  ffixi.o(.text)
    __aeabi_d2iz                             0x080050bb   Thumb Code    62  dfixi.o(.text)
    __aeabi_f2d                              0x080050f9   Thumb Code    38  f2d.o(.text)
    __aeabi_cfcmpeq                          0x08005121   Thumb Code     0  cfcmple.o(.text)
    __aeabi_cfcmple                          0x08005121   Thumb Code    20  cfcmple.o(.text)
    __aeabi_cfrcmple                         0x08005135   Thumb Code    20  cfrcmple.o(.text)
    __aeabi_uidiv                            0x08005149   Thumb Code     0  uidiv.o(.text)
    __aeabi_uidivmod                         0x08005149   Thumb Code    44  uidiv.o(.text)
    __aeabi_uldivmod                         0x08005175   Thumb Code    98  uldiv.o(.text)
    __aeabi_llsr                             0x080051d7   Thumb Code    32  llushr.o(.text)
    _ll_ushift_r                             0x080051d7   Thumb Code     0  llushr.o(.text)
    __I$use$fp                               0x080051f7   Thumb Code     0  iusefp.o(.text)
    _float_round                             0x080051f7   Thumb Code    18  fepilogue.o(.text)
    _float_epilogue                          0x08005209   Thumb Code    92  fepilogue.o(.text)
    _double_round                            0x08005265   Thumb Code    30  depilogue.o(.text)
    _double_epilogue                         0x08005283   Thumb Code   156  depilogue.o(.text)
    __aeabi_dadd                             0x0800531f   Thumb Code   322  dadd.o(.text)
    __aeabi_dsub                             0x08005461   Thumb Code     6  dadd.o(.text)
    __aeabi_drsub                            0x08005467   Thumb Code     6  dadd.o(.text)
    __aeabi_ddiv                             0x0800546d   Thumb Code   222  ddiv.o(.text)
    __aeabi_d2ulz                            0x0800554b   Thumb Code    48  dfixul.o(.text)
    __aeabi_cdrcmple                         0x0800557d   Thumb Code    48  cdrcmple.o(.text)
    __scatterload                            0x080055ad   Thumb Code    28  init.o(.text)
    __scatterload_rt2                        0x080055ad   Thumb Code     0  init.o(.text)
    __aeabi_llsl                             0x080055d1   Thumb Code    30  llshl.o(.text)
    _ll_shift_l                              0x080055d1   Thumb Code     0  llshl.o(.text)
    __aeabi_lasr                             0x080055ef   Thumb Code    36  llsshr.o(.text)
    _ll_sshift_r                             0x080055ef   Thumb Code     0  llsshr.o(.text)
    __decompress                             0x08005613   Thumb Code     0  __dczerorl2.o(.text)
    __decompress1                            0x08005613   Thumb Code    86  __dczerorl2.o(.text)
    __0printf                                0x08005669   Thumb Code    22  printfa.o(i.__0printf)
    __1printf                                0x08005669   Thumb Code     0  printfa.o(i.__0printf)
    __2printf                                0x08005669   Thumb Code     0  printfa.o(i.__0printf)
    __c89printf                              0x08005669   Thumb Code     0  printfa.o(i.__0printf)
    printf                                   0x08005669   Thumb Code     0  printfa.o(i.__0printf)
    __scatterload_copy                       0x08005689   Thumb Code    14  handlers.o(i.__scatterload_copy)
    __scatterload_null                       0x08005697   Thumb Code     2  handlers.o(i.__scatterload_null)
    __scatterload_zeroinit                   0x08005699   Thumb Code    14  handlers.o(i.__scatterload_zeroinit)
    F6x8                                     0x08005f3a   Data         552  oled_i2c.o(.constdata)
    F8X16                                    0x08006162   Data        1520  oled_i2c.o(.constdata)
    uch_spo2_table                           0x08006752   Data         184  algorithm.o(.constdata)
    Region$$Table$$Base                      0x0800680c   Number         0  anon$$obj.o(Region$$Table)
    Region$$Table$$Limit                     0x0800682c   Number         0  anon$$obj.o(Region$$Table)
    SystemCoreClock                          0x20000000   Data           4  system_stm32f10x.o(.data)
    AHBPrescTable                            0x20000004   Data          16  system_stm32f10x.o(.data)
    setn                                     0x20000028   Data           1  main.o(.data)
    p_r                                      0x20000029   Data           1  main.o(.data)
    adx                                      0x2000002c   Data           4  main.o(.data)
    ady                                      0x20000030   Data           4  main.o(.data)
    adz                                      0x20000034   Data           4  main.o(.data)
    acc                                      0x20000038   Data           4  main.o(.data)
    flag                                     0x2000003c   Data           1  main.o(.data)
    bushu                                    0x2000003e   Data           2  main.o(.data)
    temperature                              0x20000040   Data           2  main.o(.data)
    n_ir_buffer_length                       0x20000044   Data           4  main.o(.data)
    n_spo2                                   0x20000048   Data           4  main.o(.data)
    ch_spo2_valid                            0x2000004c   Data           1  main.o(.data)
    n_heart_rate                             0x20000050   Data           4  main.o(.data)
    ch_hr_valid                              0x20000054   Data           1  main.o(.data)
    uch_dummy                                0x20000055   Data           1  main.o(.data)
    hrSum                                    0x20000058   Data           4  main.o(.data)
    hrAvg                                    0x2000005c   Data           4  main.o(.data)
    spo2Sum                                  0x20000060   Data           4  main.o(.data)
    spo2Avg                                  0x20000064   Data           4  main.o(.data)
    spo2BuffFilled                           0x20000068   Data           4  main.o(.data)
    hrBuffFilled                             0x2000006c   Data           4  main.o(.data)
    hrValidCnt                               0x20000070   Data           4  main.o(.data)
    spo2ValidCnt                             0x20000074   Data           4  main.o(.data)
    hrThrowOutSamp                           0x20000078   Data           4  main.o(.data)
    spo2ThrowOutSamp                         0x2000007c   Data           4  main.o(.data)
    spo2Timeout                              0x20000080   Data           4  main.o(.data)
    hrTimeout                                0x20000084   Data           4  main.o(.data)
    un_min                                   0x20000088   Data           4  main.o(.data)
    un_max                                   0x2000008c   Data           4  main.o(.data)
    un_prev_data                             0x20000090   Data           4  main.o(.data)
    un_brightness                            0x20000094   Data           4  main.o(.data)
    F16x16                                   0x2000009e   Data         704  oled_i2c.o(.data)
    SysDate                                  0x20000364   Data           8  ds1302.o(.data)
    RxCounter                                0x2000036c   Data           4  usart1.o(.data)
    __stdout                                 0x20000370   Data           4  usart1.o(.data)
    display                                  0x20000824   Data          16  main.o(.bss)
    aun_ir_buffer                            0x20000834   Data         600  main.o(.bss)
    aun_red_buffer                           0x20000a8c   Data         600  main.o(.bss)
    hr_buf                                   0x20000ce4   Data          64  main.o(.bss)
    spo2_buf                                 0x20000d24   Data          64  main.o(.bss)
    STMFLASH_BUF                             0x20000d64   Data        1024  stmflash.o(.bss)
    Usart1RecBuf                             0x20001164   Data          48  usart1.o(.bss)
    __initial_sp                             0x20001a48   Data           0  startup_stm32f10x_hd.o(STACK)



==============================================================================

Memory Map of the image

  Image Entry point : 0x08000131

  Load Region LR_IROM1 (Base: 0x08000000, Size: 0x00006ba0, Max: 0x00010000, ABSOLUTE, COMPRESSED[0x00006a44])

    Execution Region ER_IROM1 (Base: 0x08000000, Size: 0x0000682c, Max: 0x00010000, ABSOLUTE)

    Base Addr    Size         Type   Attr      Idx    E Section Name        Object

    0x08000000   0x00000130   Data   RO            3    RESET               startup_stm32f10x_hd.o
    0x08000130   0x00000000   Code   RO          670  * .ARM.Collect$$$$00000000  mc_w.l(entry.o)
    0x08000130   0x00000004   Code   RO          958    .ARM.Collect$$$$00000001  mc_w.l(entry2.o)
    0x08000134   0x00000004   Code   RO          961    .ARM.Collect$$$$00000004  mc_w.l(entry5.o)
    0x08000138   0x00000000   Code   RO          963    .ARM.Collect$$$$00000008  mc_w.l(entry7b.o)
    0x08000138   0x00000000   Code   RO          965    .ARM.Collect$$$$0000000A  mc_w.l(entry8b.o)
    0x08000138   0x00000008   Code   RO          966    .ARM.Collect$$$$0000000B  mc_w.l(entry9a.o)
    0x08000140   0x00000000   Code   RO          968    .ARM.Collect$$$$0000000D  mc_w.l(entry10a.o)
    0x08000140   0x00000000   Code   RO          970    .ARM.Collect$$$$0000000F  mc_w.l(entry11a.o)
    0x08000140   0x00000004   Code   RO          959    .ARM.Collect$$$$00002712  mc_w.l(entry2.o)
    0x08000144   0x00000024   Code   RO            4    .text               startup_stm32f10x_hd.o
    0x08000168   0x000001e0   Code   RO           24    .text               system_stm32f10x.o
    0x08000348   0x000000dc   Code   RO          121    .text               misc.o
    0x08000424   0x000005bc   Code   RO          245    .text               stm32f10x_flash.o
    0x080009e0   0x0000035c   Code   RO          269    .text               stm32f10x_gpio.o
    0x08000d3c   0x00000404   Code   RO          281    .text               stm32f10x_i2c.o
    0x08001140   0x000003a4   Code   RO          317    .text               stm32f10x_rcc.o
    0x080014e4   0x00000408   Code   RO          379    .text               stm32f10x_usart.o
    0x080018ec   0x000016b0   Code   RO          403    .text               main.o
    0x08002f9c   0x0000001a   Code   RO          473    .text               stm32f10x_it.o
    0x08002fb6   0x00000002   PAD
    0x08002fb8   0x00000534   Code   RO          488    .text               oled_i2c.o
    0x080034ec   0x000000ec   Code   RO          505    .text               delay.o
    0x080035d8   0x00000100   Code   RO          519    .text               key.o
    0x080036d8   0x00000462   Code   RO          535    .text               ds1302.o
    0x08003b3a   0x00000002   PAD
    0x08003b3c   0x0000026c   Code   RO          553    .text               ds18b20.o
    0x08003da8   0x0000021c   Code   RO          565    .text               iic.o
    0x08003fc4   0x000001e2   Code   RO          577    .text               adxl345.o
    0x080041a6   0x00000002   PAD
    0x080041a8   0x00000144   Code   RO          592    .text               stmflash.o
    0x080042ec   0x00000168   Code   RO          607    .text               usart1.o
    0x08004454   0x00000218   Code   RO          630    .text               myiic.o
    0x0800466c   0x00000238   Code   RO          642    .text               max30102.o
    0x080048a4   0x00000530   Code   RO          654    .text               algorithm.o
    0x08004dd4   0x00000024   Code   RO          673    .text               mc_w.l(strstr.o)
    0x08004df8   0x000000b0   Code   RO          936    .text               mf_w.l(fadd.o)
    0x08004ea8   0x00000064   Code   RO          938    .text               mf_w.l(fmul.o)
    0x08004f0c   0x0000007c   Code   RO          940    .text               mf_w.l(fdiv.o)
    0x08004f88   0x000000e4   Code   RO          942    .text               mf_w.l(dmul.o)
    0x0800506c   0x00000012   Code   RO          944    .text               mf_w.l(fflti.o)
    0x0800507e   0x0000000a   Code   RO          946    .text               mf_w.l(ffltui.o)
    0x08005088   0x00000032   Code   RO          948    .text               mf_w.l(ffixi.o)
    0x080050ba   0x0000003e   Code   RO          950    .text               mf_w.l(dfixi.o)
    0x080050f8   0x00000026   Code   RO          952    .text               mf_w.l(f2d.o)
    0x0800511e   0x00000002   PAD
    0x08005120   0x00000014   Code   RO          954    .text               mf_w.l(cfcmple.o)
    0x08005134   0x00000014   Code   RO          956    .text               mf_w.l(cfrcmple.o)
    0x08005148   0x0000002c   Code   RO          972    .text               mc_w.l(uidiv.o)
    0x08005174   0x00000062   Code   RO          974    .text               mc_w.l(uldiv.o)
    0x080051d6   0x00000020   Code   RO          976    .text               mc_w.l(llushr.o)
    0x080051f6   0x00000000   Code   RO          978    .text               mc_w.l(iusefp.o)
    0x080051f6   0x0000006e   Code   RO          979    .text               mf_w.l(fepilogue.o)
    0x08005264   0x000000ba   Code   RO          981    .text               mf_w.l(depilogue.o)
    0x0800531e   0x0000014e   Code   RO          983    .text               mf_w.l(dadd.o)
    0x0800546c   0x000000de   Code   RO          985    .text               mf_w.l(ddiv.o)
    0x0800554a   0x00000030   Code   RO          987    .text               mf_w.l(dfixul.o)
    0x0800557a   0x00000002   PAD
    0x0800557c   0x00000030   Code   RO          989    .text               mf_w.l(cdrcmple.o)
    0x080055ac   0x00000024   Code   RO          991    .text               mc_w.l(init.o)
    0x080055d0   0x0000001e   Code   RO          993    .text               mc_w.l(llshl.o)
    0x080055ee   0x00000024   Code   RO          995    .text               mc_w.l(llsshr.o)
    0x08005612   0x00000056   Code   RO         1005    .text               mc_w.l(__dczerorl2.o)
    0x08005668   0x00000020   Code   RO          908    i.__0printf         mc_w.l(printfa.o)
    0x08005688   0x0000000e   Code   RO          999    i.__scatterload_copy  mc_w.l(handlers.o)
    0x08005696   0x00000002   Code   RO         1000    i.__scatterload_null  mc_w.l(handlers.o)
    0x08005698   0x0000000e   Code   RO         1001    i.__scatterload_zeroinit  mc_w.l(handlers.o)
    0x080056a6   0x00000002   PAD
    0x080056a8   0x00000164   Code   RO          915    i._fp_digits        mc_w.l(printfa.o)
    0x0800580c   0x000006dc   Code   RO          916    i._printf_core      mc_w.l(printfa.o)
    0x08005ee8   0x00000024   Code   RO          917    i._printf_post_padding  mc_w.l(printfa.o)
    0x08005f0c   0x0000002e   Code   RO          918    i._printf_pre_padding  mc_w.l(printfa.o)
    0x08005f3a   0x00000818   Data   RO          489    .constdata          oled_i2c.o
    0x08006752   0x000000b8   Data   RO          656    .constdata          algorithm.o
    0x0800680a   0x00000002   PAD
    0x0800680c   0x00000020   Data   RO          997    Region$$Table       anon$$obj.o


    Execution Region RW_IRAM1 (Base: 0x20000000, Size: 0x00001a48, Max: 0x00005000, ABSOLUTE, COMPRESSED[0x00000218])

    Base Addr    Size         Type   Attr      Idx    E Section Name        Object

    0x20000000   0x00000014   Data   RW           25    .data               system_stm32f10x.o
    0x20000014   0x00000014   Data   RW          318    .data               stm32f10x_rcc.o
    0x20000028   0x00000076   Data   RW          405    .data               main.o
    0x2000009e   0x000002c0   Data   RW          490    .data               oled_i2c.o
    0x2000035e   0x00000004   Data   RW          506    .data               delay.o
    0x20000362   0x00000001   Data   RW          520    .data               key.o
    0x20000363   0x00000001   PAD
    0x20000364   0x00000008   Data   RW          536    .data               ds1302.o
    0x2000036c   0x00000008   Data   RW          609    .data               usart1.o
    0x20000374   0x000009f0   Zero   RW          404    .bss                main.o
    0x20000d64   0x00000400   Zero   RW          593    .bss                stmflash.o
    0x20001164   0x00000030   Zero   RW          608    .bss                usart1.o
    0x20001194   0x000004b0   Zero   RW          655    .bss                algorithm.o
    0x20001644   0x00000004   PAD
    0x20001648   0x00000400   Zero   RW            1    STACK               startup_stm32f10x_hd.o


==============================================================================

Image component sizes


      Code (inc. data)   RO Data    RW Data    ZI Data      Debug   Object Name

       482          0          0          0          0       1761   adxl345.o
      1328         18        184          0       1200       5042   algorithm.o
         0          0          0          0          0       4496   core_cm3.o
       236         16          0          4          0       1259   delay.o
      1122          4          0          8          0       4150   ds1302.o
       620         16          0          0          0       2214   ds18b20.o
       540         14          0          0          0       2116   iic.o
       256         12          0          1          0        840   key.o
      5808        350          0        118       2544       7227   main.o
       568         20          0          0          0       2369   max30102.o
       220         22          0          0          0       1837   misc.o
       536          6          0          0          0       2084   myiic.o
      1332         32       2072        704          0       4522   oled_i2c.o
        36          8        304          0       1024        880   startup_stm32f10x_hd.o
      1468         34          0          0          0       8066   stm32f10x_flash.o
       860         38          0          0          0       5681   stm32f10x_gpio.o
      1028         16          0          0          0       9143   stm32f10x_i2c.o
        26          0          0          0          0       1238   stm32f10x_it.o
       932         36          0         20          0       8876   stm32f10x_rcc.o
      1032         22          0          0          0       8408   stm32f10x_usart.o
       324          8          0          0       1024       2578   stmflash.o
       480         38          0         20          0     243039   system_stm32f10x.o
       360         16          0          8         48       3665   usart1.o

    ----------------------------------------------------------------------
     19600        726       2594        884       5844     331491   Object Totals
         0          0         32          0          0          0   (incl. Generated)
         6          0          2          1          4          0   (incl. Padding)

    ----------------------------------------------------------------------

      Code (inc. data)   RO Data    RW Data    ZI Data      Debug   Library Member Name

        86          0          0          0          0          0   __dczerorl2.o
         0          0          0          0          0          0   entry.o
         0          0          0          0          0          0   entry10a.o
         0          0          0          0          0          0   entry11a.o
         8          4          0          0          0          0   entry2.o
         4          0          0          0          0          0   entry5.o
         0          0          0          0          0          0   entry7b.o
         0          0          0          0          0          0   entry8b.o
         8          4          0          0          0          0   entry9a.o
        30          0          0          0          0          0   handlers.o
        36          8          0          0          0         68   init.o
         0          0          0          0          0          0   iusefp.o
        30          0          0          0          0         68   llshl.o
        36          0          0          0          0         68   llsshr.o
        32          0          0          0          0         68   llushr.o
      2226         90          0          0          0        444   printfa.o
        36          0          0          0          0         80   strstr.o
        44          0          0          0          0         80   uidiv.o
        98          0          0          0          0         92   uldiv.o
        48          0          0          0          0         68   cdrcmple.o
        20          0          0          0          0         68   cfcmple.o
        20          0          0          0          0         68   cfrcmple.o
       334          0          0          0          0        148   dadd.o
       222          0          0          0          0        100   ddiv.o
       186          0          0          0          0        176   depilogue.o
        62          0          0          0          0         80   dfixi.o
        48          0          0          0          0         68   dfixul.o
       228          0          0          0          0         96   dmul.o
        38          0          0          0          0         68   f2d.o
       176          0          0          0          0        140   fadd.o
       124          0          0          0          0         88   fdiv.o
       110          0          0          0          0        168   fepilogue.o
        50          0          0          0          0         68   ffixi.o
        18          0          0          0          0         68   fflti.o
        10          0          0          0          0         68   ffltui.o
       100          0          0          0          0         76   fmul.o

    ----------------------------------------------------------------------
      4474        106          0          0          0       2584   Library Totals
         6          0          0          0          0          0   (incl. Padding)

    ----------------------------------------------------------------------

      Code (inc. data)   RO Data    RW Data    ZI Data      Debug   Library Name

      2674        106          0          0          0        968   mc_w.l
      1794          0          0          0          0       1616   mf_w.l

    ----------------------------------------------------------------------
      4474        106          0          0          0       2584   Library Totals

    ----------------------------------------------------------------------

==============================================================================


      Code (inc. data)   RO Data    RW Data    ZI Data      Debug   

     24074        832       2594        884       5844     331239   Grand Totals
     24074        832       2594        536       5844     331239   ELF Image Totals (compressed)
     24074        832       2594        536          0          0   ROM Totals

==============================================================================

    Total RO  Size (Code + RO Data)                26668 (  26.04kB)
    Total RW  Size (RW Data + ZI Data)              6728 (   6.57kB)
    Total ROM Size (Code + RO Data + RW Data)      27204 (  26.57kB)

==============================================================================

